wandb: Currently logged in as: ren27 (ren27-university-of-california-berkeley). Use `wandb login --relogin` to force relogin
wandb: wandb version 0.28.0 is available!  To upgrade, please run:
wandb:  $ pip install wandb --upgrade
wandb: Tracking run with wandb version 0.16.3
wandb: Run data is saved locally in /global/home/users/ren27/rla-pinns-use/rla_pinns/wandb/run-20260622_193927-hbf6l16d
wandb: Run `wandb offline` to turn off syncing.
wandb: Syncing run ss_spring_unified_N50
wandb: ⭐️ View project at https://wandb.ai/ren27-university-of-california-berkeley/rla-pinns-use-rla_pinns
wandb: 🚀 View run at https://wandb.ai/ren27-university-of-california-berkeley/rla-pinns-use-rla_pinns/runs/hbf6l16d
wandb: - 0.002 MB of 0.002 MB uploadedwandb: \ 0.002 MB of 0.068 MB uploadedwandb: | 0.068 MB of 0.068 MB uploadedwandb: 
wandb: Run history:
wandb:  decay_factor ▁▁▁▁▁▁▁▁▁▁▁▁▁▁▁▁▁███████████████████████
wandb:      l2_error ██▇▆▅▅▄▄▄▄▄▄▄▄▄▄▄▃▃▂▂▂▁▁▁▁▁▁▁▁▁▁▁▁▁▁▁▁▁▁
wandb:          loss █▆▃▂▂▂▁▁▁▁▁▁▁▁▁▁▁▁▁▁▁▁▁▁▁▁▁▁▁▁▁▁▁▁▁▁▁▁▁▁
wandb: loss_boundary ▇█▄▅▄▃▂▃▂▃▂▂▃▂▂▂▂▂▁▁▁▁▁▁▁▁▁▁▁▁▁▁▁▁▁▁▁▁▁▁
wandb: loss_interior █▆▃▂▂▂▁▁▁▁▁▁▁▁▁▁▁▁▁▁▁▁▁▁▁▁▁▁▁▁▁▁▁▁▁▁▁▁▁▁
wandb:          step ▁▁▁▁▁▁▁▁▁▁▁▁▁▁▁▁▁▁▁▁▁▁▁▁▁▁▁▁▁▂▂▂▂▃▃▄▅▅▇█
wandb:          time ▁▁▁▁▁▁▁▁▁▁▁▁▁▁▁▁▁▁▁▁▁▁▁▁▁▁▁▁▁▂▂▂▂▃▃▄▅▅▇█
wandb: 
wandb: Run summary:
wandb:  decay_factor 0.99525
wandb:      l2_error 0.00391
wandb:          loss 2e-05
wandb: loss_boundary 1e-05
wandb: loss_interior 1e-05
wandb:          step 15208
wandb:          time 7000.44046
wandb: 
wandb: 🚀 View run ss_spring_unified_N50 at: https://wandb.ai/ren27-university-of-california-berkeley/rla-pinns-use-rla_pinns/runs/hbf6l16d
wandb: ️⚡ View job at https://wandb.ai/ren27-university-of-california-berkeley/rla-pinns-use-rla_pinns/jobs/QXJ0aWZhY3RDb2xsZWN0aW9uOjc1NjY0ODU2MQ==/version_details/v26
wandb: Synced 6 W&B file(s), 0 media file(s), 0 artifact file(s) and 0 other file(s)
wandb: Find logs at: ./wandb/run-20260622_193927-hbf6l16d/logs
