wandb: Currently logged in as: ren27 (ren27-university-of-california-berkeley). Use `wandb login --relogin` to force relogin
wandb: wandb version 0.28.0 is available!  To upgrade, please run:
wandb:  $ pip install wandb --upgrade
wandb: Tracking run with wandb version 0.16.3
wandb: Run data is saved locally in /global/home/users/ren27/rla-pinns-use/rla_pinns/wandb/run-20260622_182736-btdmo5kp
wandb: Run `wandb offline` to turn off syncing.
wandb: Syncing run primesr_N100
wandb: ⭐️ View project at https://wandb.ai/ren27-university-of-california-berkeley/rla-pinns-use-rla_pinns
wandb: 🚀 View run at https://wandb.ai/ren27-university-of-california-berkeley/rla-pinns-use-rla_pinns/runs/btdmo5kp
wandb: - 0.002 MB of 0.002 MB uploadedwandb: \ 0.002 MB of 0.034 MB uploadedwandb: | 0.032 MB of 0.034 MB uploadedwandb: 
wandb: Run history:
wandb:        decay_factor ▁███████████████████████████████████████
wandb:            l2_error ████████▇▇▇▇▇▇▇▇▇▇▆▆▆▅▄▄▃▂▂▁▁▁▁▁▁▁▁▁▁▁▁▁
wandb:                loss ████▇▇▇▇▇▇▇▇▇▆▆▆▆▆▅▅▄▃▃▂▁▁▁▁▁▁▁▁▁▁▁▁▁▁▁▁
wandb:       loss_boundary ██▇▇▇▇▇▇▇▇▇▆▇▇▆▆▆▅▅▅▄▃▃▂▁▁▁▁▁▁▁▁▁▁▁▁▁▁▁▁
wandb:       loss_interior ████▇▇▇▇▇▇▇▇▇▆▆▆▆▆▅▅▄▃▃▂▁▁▁▁▁▁▁▁▁▁▁▁▁▁▁▁
wandb:      prime_sr_alpha ▇▇█▇▇▇▇▆▆▆▆▆▆▆▅▅▆▆▆▅▅▄▄▆██▆▄▂▁▁▁▂▅▃▁▁▁▁▁
wandb: prime_sr_alpha_ceil ▁▁▁▁▁▁▁▁▁▁▁▁▁▁▁▁▁▁▁▁▁▁▁▁▁▁▁▁▁▁▁▁▁▁▁▁▁▁▁▁
wandb: prime_sr_beta_tilde ▁███████████████████████████████████████
wandb:       prime_sr_rank ▁▁▁▁▁▁▁▁▁▁▁▁▁▁▁▁▁▁▁▁▁▁▁▁▁▁▁▁▁▁▁▁▁▁▁▁▁▁▁▁
wandb:                step ▁▁▁▁▁▁▁▁▁▁▁▁▁▁▁▁▁▁▁▁▁▁▁▁▁▁▁▁▁▂▂▂▂▃▃▄▅▅▇█
wandb:                time ▁▁▁▁▁▁▁▁▁▁▁▁▁▁▁▁▁▁▁▁▁▁▁▁▁▁▁▁▁▂▂▂▂▃▃▄▅▅▇█
wandb: 
wandb: Run summary:
wandb:        decay_factor 0.99693
wandb:            l2_error 0.00377
wandb:                loss 1e-05
wandb:       loss_boundary 1e-05
wandb:       loss_interior 0.0
wandb:      prime_sr_alpha 1.12602
wandb: prime_sr_alpha_ceil 2
wandb: prime_sr_beta_tilde 1.40195
wandb:       prime_sr_rank 150
wandb:                step 11633
wandb:                time 7000.30614
wandb: 
wandb: 🚀 View run primesr_N100 at: https://wandb.ai/ren27-university-of-california-berkeley/rla-pinns-use-rla_pinns/runs/btdmo5kp
wandb: ️⚡ View job at https://wandb.ai/ren27-university-of-california-berkeley/rla-pinns-use-rla_pinns/jobs/QXJ0aWZhY3RDb2xsZWN0aW9uOjc1NjY0ODU2MQ==/version_details/v25
wandb: Synced 6 W&B file(s), 0 media file(s), 0 artifact file(s) and 0 other file(s)
wandb: Find logs at: ./wandb/run-20260622_182736-btdmo5kp/logs
