wandb: Currently logged in as: ren27 (ren27-university-of-california-berkeley). Use `wandb login --relogin` to force relogin
wandb: wandb version 0.28.0 is available!  To upgrade, please run:
wandb:  $ pip install wandb --upgrade
wandb: Tracking run with wandb version 0.16.3
wandb: Run data is saved locally in /global/home/users/ren27/rla-pinns-use/rla_pinns/wandb/run-20260622_175540-xhsvkg34
wandb: Run `wandb offline` to turn off syncing.
wandb: Syncing run primesr_N50
wandb: ⭐️ View project at https://wandb.ai/ren27-university-of-california-berkeley/rla-pinns-use-rla_pinns
wandb: 🚀 View run at https://wandb.ai/ren27-university-of-california-berkeley/rla-pinns-use-rla_pinns/runs/xhsvkg34
wandb: - 0.002 MB of 0.002 MB uploadedwandb: \ 0.002 MB of 0.002 MB uploadedwandb: | 0.002 MB of 0.047 MB uploadedwandb: / 0.048 MB of 0.048 MB uploadedwandb: 
wandb: Run history:
wandb:        decay_factor ▁███████████████████████████████████████
wandb:            l2_error ███████▇▇▇▇▇▇▇▇▇▇▆▆▅▄▄▃▂▁▁▁▁▁▁▁▁▁▁▁▁▁▁▁▁
wandb:                loss ████▇▇▇▇▇▇▇▇▆▆▆▆▆▅▄▃▃▂▁▁▁▁▁▁▁▁▁▁▁▁▁▁▁▁▁▁
wandb:       loss_boundary ██▇█▇▇▇▇▇▇▇▆▆▇▇▆▅▅▄▃▃▂▁▁▁▁▁▁▁▁▁▁▁▁▁▁▁▁▁▁
wandb:       loss_interior ████▇▇▇▇▇▇▇▇▆▆▆▆▆▅▄▃▃▂▁▁▁▁▁▁▁▁▁▁▁▁▁▁▁▁▁▁
wandb:      prime_sr_alpha ▆▆▆▆▆▆▆▅▅▅▅▅▄▄▄▄▄▄▄▄▄▄▆██████▆▄▅▃▁▁▁▁▁▁▁
wandb: prime_sr_alpha_ceil ▁▁▁▁▁▁▁▁▁▁▁▁▁▁▁▁▁▁▁▁▁▁▁██████▁▁▁▁▁▁▁▁▁▁▁
wandb: prime_sr_beta_tilde ▁███████████████████████████████████████
wandb:       prime_sr_rank ▁▁▁▁▁▁▁▁▁▁▁▁▁▁▁▁▁▁▁▁▁▁▁▁▁▁▁▁▁▁▁▁▁▁▁▁▁▁▁▁
wandb:                step ▁▁▁▁▁▁▁▁▁▁▁▁▁▁▁▁▁▁▁▁▁▁▁▁▁▁▁▁▁▁▂▂▂▂▃▃▄▅▆█
wandb:                time ▁▁▁▁▁▁▁▁▁▁▁▁▁▁▁▁▁▁▁▁▁▁▁▁▁▁▁▁▁▁▂▂▂▂▃▃▄▅▆█
wandb: 
wandb: Run summary:
wandb:        decay_factor 0.99708
wandb:            l2_error 0.00874
wandb:                loss 5e-05
wandb:       loss_boundary 4e-05
wandb:       loss_interior 1e-05
wandb:      prime_sr_alpha 1.02842
wandb: prime_sr_alpha_ceil 2
wandb: prime_sr_beta_tilde 1.40168
wandb:       prime_sr_rank 75
wandb:                step 26501
wandb:                time 7000.05884
wandb: 
wandb: 🚀 View run primesr_N50 at: https://wandb.ai/ren27-university-of-california-berkeley/rla-pinns-use-rla_pinns/runs/xhsvkg34
wandb: ️⚡ View job at https://wandb.ai/ren27-university-of-california-berkeley/rla-pinns-use-rla_pinns/jobs/QXJ0aWZhY3RDb2xsZWN0aW9uOjc1NjY0ODU2MQ==/version_details/v25
wandb: Synced 6 W&B file(s), 0 media file(s), 0 artifact file(s) and 0 other file(s)
wandb: Find logs at: ./wandb/run-20260622_175540-xhsvkg34/logs
