wandb: Currently logged in as: ren27 (ren27-university-of-california-berkeley). Use `wandb login --relogin` to force relogin
wandb: wandb version 0.29.0 is available!  To upgrade, please run:
wandb:  $ pip install wandb --upgrade
wandb: Tracking run with wandb version 0.16.3
wandb: Run data is saved locally in /global/home/users/ren27/rla-pinns-use/rla_pinns/wandb/run-20260830_134549-z12k6te9
wandb: Run `wandb offline` to turn off syncing.
wandb: Syncing run smoke_a1_spring_lfp9
wandb: ⭐️ View project at https://wandb.ai/ren27-university-of-california-berkeley/pinn_e1_smoke
wandb: 🚀 View run at https://wandb.ai/ren27-university-of-california-berkeley/pinn_e1_smoke/runs/z12k6te9
wandb: - 0.002 MB of 0.002 MB uploadedwandb: \ 0.002 MB of 0.022 MB uploadedwandb: | 0.022 MB of 0.022 MB uploadedwandb: 
wandb: Run history:
wandb:  decay_factor ▁▁▁▁▁▁▁▁▁▁▁▁▁▁▁▁▁▁▁▁▁▁▁▁▁▁▁▁▁▁▁▁▁▁▁▁▁▁▁▁
wandb:      l2_error █████████████████████████▇▇▆▆▅▃▁▁▁▁▁▁▁▁▁
wandb:          loss ▇▇█▇█▇█▇█▇██▇▇█▇█▇▆█▇█▇▇▇▇▇▆▅▄▂▁▁▁▁▁▁▁▁▁
wandb: loss_boundary ▇▇█▇█▇█▇█▇██▇▇█▇█▇▆█▇█▇▇▇▇▇▆▅▄▂▁▁▁▁▁▁▁▁▁
wandb: loss_interior ███████████████████████▇▇▇▇▆▅▄▂▁▁▁▁▁▁▁▁▁
wandb:          step ▁▁▁▁▁▁▁▁▁▁▁▁▁▁▁▁▁▁▁▁▁▁▁▁▁▁▁▂▂▂▂▂▃▃▃▄▅▆▇█
wandb:          time ▁▁▁▁▁▁▁▁▁▁▁▁▁▁▁▁▁▁▁▁▁▁▁▁▁▁▁▂▂▂▂▂▂▃▃▄▅▆▇█
wandb: 
wandb: Run summary:
wandb:  decay_factor 0.99
wandb:      l2_error 0.00641
wandb:          loss 8e-05
wandb: loss_boundary 1e-05
wandb: loss_interior 6e-05
wandb:          step 4089
wandb:          time 600.05072
wandb: 
wandb: 🚀 View run smoke_a1_spring_lfp9 at: https://wandb.ai/ren27-university-of-california-berkeley/pinn_e1_smoke/runs/z12k6te9
wandb: ️⚡ View job at https://wandb.ai/ren27-university-of-california-berkeley/pinn_e1_smoke/jobs/QXJ0aWZhY3RDb2xsZWN0aW9uOjEzODM4NTAyNTc=/version_details/v2
wandb: Synced 6 W&B file(s), 0 media file(s), 0 artifact file(s) and 0 other file(s)
wandb: Find logs at: ./wandb/run-20260830_134549-z12k6te9/logs
