wandb: Currently logged in as: ren27 (ren27-university-of-california-berkeley). Use `wandb login --relogin` to force relogin
wandb: wandb version 0.30.0 is available!  To upgrade, please run:
wandb:  $ pip install wandb --upgrade
wandb: Tracking run with wandb version 0.16.3
wandb: Run data is saved locally in /global/home/users/ren27/rla-pinns-use/rla_pinns/wandb/run-20260913_143101-7qwrrd5a
wandb: Run `wandb offline` to turn off syncing.
wandb: Syncing run ncprobe_a3_ss_lfp9_C1e-1
wandb: ⭐️ View project at https://wandb.ai/ren27-university-of-california-berkeley/pinn_e1_smoke
wandb: 🚀 View run at https://wandb.ai/ren27-university-of-california-berkeley/pinn_e1_smoke/runs/7qwrrd5a
wandb: - 0.002 MB of 0.002 MB uploadedwandb: \ 0.002 MB of 0.002 MB uploadedwandb: | 0.002 MB of 0.037 MB uploadedwandb: / 0.037 MB of 0.037 MB uploadedwandb: 
wandb: Run history:
wandb: cholesky_escalations ▁▁▁▁▁▁▁▁▁▁▁▁▁▁▁▁▁▁▁▁▁▁▁▁▁▁▁▁▁▁▁▁▁▁▁▁▁▁▁▁
wandb:         decay_factor █████████████████████████████▄▆▂▁█▇████▇
wandb:             l2_error ███████▇▇▇▇▇▇▇▇▇▇▇▆▆▅▅▄▃▂▂▁▁▁▁▁▁▁▁▁▁▁▁▁▁
wandb:                 loss ███▇▇▇█▇█▇▇▇▇▆▇▆▆▆▅▆▄▄▃▂▂▁▁▁▁▁▁▁▁▁▁▁▁▁▁▁
wandb:        loss_boundary ███▇▇▇█▇█▇▇▇▇▆▇▆▆▆▅▆▄▄▃▂▂▁▁▁▁▁▁▁▁▁▁▁▁▁▁▁
wandb:        loss_interior ████▇▇▇▇▇▇▇▇▆▆▆▆▆▆▆▅▅▄▃▃▃▄▆▅▂▁▁▁▁▁▁▁▁▁▁▁
wandb:                 step ▁▁▁▁▁▁▁▁▁▁▁▁▁▁▁▁▁▁▁▁▁▁▁▁▁▁▁▂▂▂▂▂▃▃▃▄▅▆▇█
wandb:                 time ▁▁▁▁▁▁▁▁▁▁▁▁▁▁▁▁▁▁▁▁▁▁▁▁▁▁▁▂▂▂▂▂▃▃▃▄▅▆▇█
wandb: 
wandb: Run summary:
wandb: cholesky_escalations 0
wandb:         decay_factor 0.98849
wandb:             l2_error 0.00555
wandb:                 loss 0.00012
wandb:        loss_boundary 0.0
wandb:        loss_interior 0.00011
wandb:                 step 4049
wandb:                 time 600.00639
wandb: 
wandb: 🚀 View run ncprobe_a3_ss_lfp9_C1e-1 at: https://wandb.ai/ren27-university-of-california-berkeley/pinn_e1_smoke/runs/7qwrrd5a
wandb: ️⚡ View job at https://wandb.ai/ren27-university-of-california-berkeley/pinn_e1_smoke/jobs/QXJ0aWZhY3RDb2xsZWN0aW9uOjE0OTcxNTgyMzI=/version_details/v2
wandb: Synced 6 W&B file(s), 0 media file(s), 0 artifact file(s) and 0 other file(s)
wandb: Find logs at: ./wandb/run-20260913_143101-7qwrrd5a/logs
