wandb: Currently logged in as: ren27 (ren27-university-of-california-berkeley). Use `wandb login --relogin` to force relogin
wandb: wandb version 0.29.0 is available!  To upgrade, please run:
wandb:  $ pip install wandb --upgrade
wandb: Tracking run with wandb version 0.16.3
wandb: Run data is saved locally in /global/home/users/ren27/rla-pinns-use/rla_pinns/wandb/run-20260830_135027-xuhqj46r
wandb: Run `wandb offline` to turn off syncing.
wandb: Syncing run smoke_a3_ss_lfp9
wandb: ⭐️ View project at https://wandb.ai/ren27-university-of-california-berkeley/pinn_e1_smoke
wandb: 🚀 View run at https://wandb.ai/ren27-university-of-california-berkeley/pinn_e1_smoke/runs/xuhqj46r
wandb: - 0.002 MB of 0.002 MB uploadedwandb: \ 0.002 MB of 0.008 MB uploadedwandb: | 0.034 MB of 0.036 MB uploadedwandb: 
wandb: Run history:
wandb:  decay_factor ████████████████████▇▇███████████▅▇▁████
wandb:      l2_error █████████████████████████▇▇▇▆▅▄▂▁▁▁▁▁▁▁▁
wandb:          loss ▇▇█▇█▇███▇▇█▇▇█▇█▇▆███▇█▇▇▇▆▅▄▃▁▁▁▁▁▁▁▁▁
wandb: loss_boundary ▇▇█▇█▇███▇▇█▇▇█▇█▇▆███▇█▇▇▇▆▅▄▃▁▁▁▁▁▁▁▁▁
wandb: loss_interior ███████████████████████▇▇▇▇▆▆▄▃▁▁▁▁▁▁▁▁▁
wandb:          step ▁▁▁▁▁▁▁▁▁▁▁▁▁▁▁▁▁▁▁▁▁▁▁▁▁▁▁▁▂▂▂▂▃▃▃▄▅▅▆█
wandb:          time ▁▁▁▁▁▁▁▁▁▁▁▁▁▁▁▁▁▁▁▁▁▁▁▁▁▁▁▂▂▂▂▂▃▃▃▄▅▅▆█
wandb: 
wandb: Run summary:
wandb:  decay_factor 0.98997
wandb:      l2_error 0.00723
wandb:          loss 7e-05
wandb: loss_boundary 1e-05
wandb: loss_interior 5e-05
wandb:          step 3958
wandb:          time 600.05556
wandb: 
wandb: 🚀 View run smoke_a3_ss_lfp9 at: https://wandb.ai/ren27-university-of-california-berkeley/pinn_e1_smoke/runs/xuhqj46r
wandb: ️⚡ View job at https://wandb.ai/ren27-university-of-california-berkeley/pinn_e1_smoke/jobs/QXJ0aWZhY3RDb2xsZWN0aW9uOjEzODM4NTAyNTc=/version_details/v1
wandb: Synced 6 W&B file(s), 0 media file(s), 0 artifact file(s) and 0 other file(s)
wandb: Find logs at: ./wandb/run-20260830_135027-xuhqj46r/logs
