wandb: Currently logged in as: ren27 (ren27-university-of-california-berkeley). Use `wandb login --relogin` to force relogin
wandb: wandb version 0.29.0 is available!  To upgrade, please run:
wandb:  $ pip install wandb --upgrade
wandb: Tracking run with wandb version 0.16.3
wandb: Run data is saved locally in /global/home/users/ren27/rla-pinns-use/rla_pinns/wandb/run-20260830_133602-evyny0zr
wandb: Run `wandb offline` to turn off syncing.
wandb: Syncing run smoke_a3_ss_p100
wandb: ⭐️ View project at https://wandb.ai/ren27-university-of-california-berkeley/pinn_e1_smoke
wandb: 🚀 View run at https://wandb.ai/ren27-university-of-california-berkeley/pinn_e1_smoke/runs/evyny0zr
wandb: - 0.009 MB of 0.009 MB uploaded (0.002 MB deduped)wandb: \ 0.012 MB of 0.027 MB uploaded (0.002 MB deduped)wandb: | 0.027 MB of 0.027 MB uploaded (0.002 MB deduped)wandb: 
wandb: Run history:
wandb:  decay_factor ██████████████████████████████████████▁▇
wandb:      l2_error █████████████▇▇▇▇▇▇▇▇▇▇▇▇▇▇▇▇▆▆▆▅▅▄▄▃▂▁▁
wandb:          loss ███████▇▇▇▇▇▇▇▇▇▇▇▇▇▇▆▆▆▆▆▆▆▆▅▅▄▄▃▂▂▁▁▁▁
wandb: loss_boundary ████▇██▇█▇▇▇▇▇▇▇▇▆▇▆▆▆▆▆▆▆▆▆▆▅▅▄▄▃▂▂▁▁▁▁
wandb: loss_interior ███████▇▇▇▇▇▇▇▇▇▇▇▇▇▇▆▆▆▆▆▆▆▆▅▅▄▄▃▂▂▁▁▁▁
wandb:          step ▁▁▁▁▁▁▁▁▁▁▁▁▁▂▂▂▂▂▂▂▂▂▂▂▂▂▂▂▂▃▃▃▃▄▅▅▆▆▇█
wandb:          time ▁▁▁▁▁▁▁▁▁▁▁▁▂▂▂▂▂▂▂▂▂▂▂▂▂▂▂▂▂▃▃▃▄▄▅▅▆▆▇█
wandb: 
wandb: Run summary:
wandb:  decay_factor 0.99
wandb:      l2_error 0.01762
wandb:          loss 0.00054
wandb: loss_boundary 0.00015
wandb: loss_interior 0.0004
wandb:          step 300
wandb:          time 602.54538
wandb: 
wandb: 🚀 View run smoke_a3_ss_p100 at: https://wandb.ai/ren27-university-of-california-berkeley/pinn_e1_smoke/runs/evyny0zr
wandb: ️⚡ View job at https://wandb.ai/ren27-university-of-california-berkeley/pinn_e1_smoke/jobs/QXJ0aWZhY3RDb2xsZWN0aW9uOjEzODM4NTAyNTc=/version_details/v1
wandb: Synced 6 W&B file(s), 0 media file(s), 2 artifact file(s) and 0 other file(s)
wandb: Find logs at: ./wandb/run-20260830_133602-evyny0zr/logs
