wandb: Currently logged in as: ren27 (ren27-university-of-california-berkeley). Use `wandb login --relogin` to force relogin
wandb: wandb version 0.30.0 is available!  To upgrade, please run:
wandb:  $ pip install wandb --upgrade
wandb: Tracking run with wandb version 0.16.3
wandb: Run data is saved locally in /global/home/users/ren27/rla-pinns-use/rla_pinns/wandb/run-20260913_142351-kcx4a6rm
wandb: Run `wandb offline` to turn off syncing.
wandb: Syncing run smoke_a2_adaptive_p100
wandb: ⭐️ View project at https://wandb.ai/ren27-university-of-california-berkeley/pinn_e1_smoke
wandb: 🚀 View run at https://wandb.ai/ren27-university-of-california-berkeley/pinn_e1_smoke/runs/kcx4a6rm
wandb: - 0.002 MB of 0.014 MB uploadedwandb: \ 0.010 MB of 0.014 MB uploadedwandb: | 0.014 MB of 0.014 MB uploadedwandb: 
wandb: Run history:
wandb: cholesky_escalations ▁▁▁▁▁▁▁▁▁▁▁▁▁▁▁▁▁▁▁▁▁▁▁▁▁▁▁▁▁▁▁▁▁▁▁
wandb:         decay_factor ▁▁▁▁▁▁▁▁▁▁▁▁▁▁▁▁▁▁▁▁▁▁▁▁▁▁▁▁▁▁▁▁▁▁▁
wandb:             l2_error ██▇▇▇▇▇▆▆▆▆▅▅▅▅▅▄▄▄▄▄▃▃▃▃▃▃▂▂▂▂▂▁▁▁
wandb:                 loss ███▇▇▇▆▆▆▆▆▅▅▅▅▅▄▄▄▄▄▃▃▃▃▃▂▂▂▂▂▂▁▁▁
wandb:        loss_boundary ███▆▆▇▅▇▆▇▆▆▆▅▄▄▅▅▃▄▄▄▄▃▃▃▃▁▃▂▁▁▂▁▁
wandb:        loss_interior ██▇▇▇▇▇▆▆▆▆▅▅▅▅▅▄▄▄▄▄▃▃▃▃▃▂▂▂▂▂▂▁▁▁
wandb:                 step ▁▁▁▂▂▂▂▂▃▃▃▃▃▄▄▄▄▅▅▅▅▅▆▆▆▆▆▇▇▇▇▇███
wandb:                 time ▁▁▁▂▂▂▂▂▃▃▃▃▃▄▄▄▄▅▅▅▅▅▆▆▆▆▆▇▇▇▇▇███
wandb: 
wandb: Run summary:
wandb: cholesky_escalations 0
wandb:         decay_factor 0.99
wandb:             l2_error 0.85869
wandb:                 loss 14.30522
wandb:        loss_boundary 0.36668
wandb:        loss_interior 13.93854
wandb:                 step 34
wandb:                 time 610.27109
wandb: 
wandb: 🚀 View run smoke_a2_adaptive_p100 at: https://wandb.ai/ren27-university-of-california-berkeley/pinn_e1_smoke/runs/kcx4a6rm
wandb: ️⚡ View job at https://wandb.ai/ren27-university-of-california-berkeley/pinn_e1_smoke/jobs/QXJ0aWZhY3RDb2xsZWN0aW9uOjE0OTcxNTgyMzI=/version_details/v0
wandb: Synced 6 W&B file(s), 0 media file(s), 0 artifact file(s) and 0 other file(s)
wandb: Find logs at: ./wandb/run-20260913_142351-kcx4a6rm/logs
