wandb: Currently logged in as: ren27 (ren27-university-of-california-berkeley). Use `wandb login --relogin` to force relogin
wandb: wandb version 0.30.0 is available!  To upgrade, please run:
wandb:  $ pip install wandb --upgrade
wandb: Tracking run with wandb version 0.16.3
wandb: Run data is saved locally in /global/home/users/ren27/rla-pinns-use/rla_pinns/wandb/run-20260913_143225-4albqncr
wandb: Run `wandb offline` to turn off syncing.
wandb: Syncing run ncprobe_a3_ss_lfp9_C1e1
wandb: ⭐️ View project at https://wandb.ai/ren27-university-of-california-berkeley/pinn_e1_smoke
wandb: 🚀 View run at https://wandb.ai/ren27-university-of-california-berkeley/pinn_e1_smoke/runs/4albqncr
wandb: - 0.002 MB of 0.002 MB uploadedwandb: \ 0.002 MB of 0.036 MB uploadedwandb: | 0.036 MB of 0.036 MB uploadedwandb: 
wandb: Run history:
wandb: cholesky_escalations ▁▁▁▁▁▁▁▁▁▁▁▁▁▁▁▁▁▁▁▁▁▁▁▁▁▁▁▁▁▁▁▁▁▁▁▁▁▁▁▁
wandb:         decay_factor ████████████████████████████████▃▅▄▄▃▃▅▁
wandb:             l2_error █▇▆▄▃▃▂▂▁▁▁▁▁▁▁▁▁▁▂▂▂▂▂▃▃▃▄▄▄▃▃▃▃▃▃▂▂▂▂▂
wandb:                 loss ▁▁▁▁▁▁▁▁▁▁▁▁▁▁▁▁▁▁▁▁▁▁▁▁▁▁▁▁▁▁▁▁▂▁▁▄▁▃▇█
wandb:        loss_boundary █▇▆▄▃▃▂▂▂▁▁▁▁▁▁▁▁▁▁▁▁▁▁▂▁▂▂▂▂▂▁▂▂▁▁▁▁▁▁▁
wandb:        loss_interior ▁▁▁▁▁▁▁▁▁▁▁▁▁▁▁▁▁▁▁▁▁▁▁▁▁▁▁▁▁▁▁▁▂▁▁▄▁▃▇█
wandb:                 step ▁▁▁▁▁▁▁▁▁▁▁▁▁▁▁▁▁▁▁▁▁▁▁▁▁▁▁▂▂▂▂▂▃▃▃▄▅▆▆█
wandb:                 time ▁▁▁▁▁▁▁▁▁▁▁▁▁▁▁▁▁▁▁▁▁▁▁▁▁▁▁▂▂▂▂▂▃▃▃▄▅▆▆█
wandb: 
wandb: Run summary:
wandb: cholesky_escalations 0
wandb:         decay_factor 0.96875
wandb:             l2_error 12.48759
wandb:                 loss 346343241106674.3
wandb:        loss_boundary 52.20149
wandb:        loss_interior 346343241106622.1
wandb:                 step 3843
wandb:                 time 600.10451
wandb: 
wandb: 🚀 View run ncprobe_a3_ss_lfp9_C1e1 at: https://wandb.ai/ren27-university-of-california-berkeley/pinn_e1_smoke/runs/4albqncr
wandb: ️⚡ View job at https://wandb.ai/ren27-university-of-california-berkeley/pinn_e1_smoke/jobs/QXJ0aWZhY3RDb2xsZWN0aW9uOjE0OTcxNTgyMzI=/version_details/v2
wandb: Synced 6 W&B file(s), 0 media file(s), 0 artifact file(s) and 0 other file(s)
wandb: Find logs at: ./wandb/run-20260913_143225-4albqncr/logs
