wandb: Currently logged in as: ren27 (ren27-university-of-california-berkeley). Use `wandb login --relogin` to force relogin
wandb: wandb version 0.30.0 is available!  To upgrade, please run:
wandb:  $ pip install wandb --upgrade
wandb: Tracking run with wandb version 0.16.3
wandb: Run data is saved locally in /global/home/users/ren27/rla-pinns-use/rla_pinns/wandb/run-20260913_143405-tjerk97t
wandb: Run `wandb offline` to turn off syncing.
wandb: Syncing run ncprobe_a3_ss_lfp9_C1e3
wandb: ⭐️ View project at https://wandb.ai/ren27-university-of-california-berkeley/pinn_e1_smoke
wandb: 🚀 View run at https://wandb.ai/ren27-university-of-california-berkeley/pinn_e1_smoke/runs/tjerk97t
wandb: - 0.002 MB of 0.002 MB uploadedwandb: \ 0.002 MB of 0.002 MB uploadedwandb: | 0.002 MB of 0.036 MB uploadedwandb: / 0.036 MB of 0.036 MB uploadedwandb: 
wandb: Run history:
wandb: cholesky_escalations ▁▁▁▁▁▁▁▁▁▁▁▁▁▁▁▁▁▁▁▁▁▁▁▁▁▁▁▁▁▁▁▁▁▁▁▁▁▁▁▁
wandb:         decay_factor █████████████████████████████▅▄▄▆▄▅▅▅▁▄▃
wandb:             l2_error █▆▄▃▂▁▁▁▁▁▁▁▁▂▂▂▂▂▂▂▂▂▃▃▃▄▆▆▅▃▄▃▃▃▂▂▂▂▂▂
wandb:                 loss ▁▁▁▁▁▁▁▁▁▁▁▁▁▁▁▁▁▁▁▁▁▁▁▁▁▁▁▁▁▁▁▁▁▁▁▁▁▂▁█
wandb:        loss_boundary █▆▄▃▂▂▂▁▁▁▁▁▁▁▁▁▁▁▁▁▁▁▁▁▁▁▂▂▄▁▄▁▂▂▁▁▁▁▁▁
wandb:        loss_interior ▁▁▁▁▁▁▁▁▁▁▁▁▁▁▁▁▁▁▁▁▁▁▁▁▁▁▁▁▁▁▁▁▁▁▁▁▁▂▁█
wandb:                 step ▁▁▁▁▁▁▁▁▁▁▁▁▁▁▁▁▁▁▁▁▁▁▁▁▁▁▁▁▂▂▂▂▃▃▃▄▅▅▆█
wandb:                 time ▁▁▁▁▁▁▁▁▁▁▁▁▁▁▁▁▁▁▁▁▁▁▁▁▁▁▁▂▂▂▂▂▃▃▃▄▅▅▆█
wandb: 
wandb: Run summary:
wandb: cholesky_escalations 0
wandb:         decay_factor 0.97471
wandb:             l2_error 13.03862
wandb:                 loss 3.076246599716968e+17
wandb:        loss_boundary 90.02323
wandb:        loss_interior 3.076246599716967e+17
wandb:                 step 3939
wandb:                 time 600.11121
wandb: 
wandb: 🚀 View run ncprobe_a3_ss_lfp9_C1e3 at: https://wandb.ai/ren27-university-of-california-berkeley/pinn_e1_smoke/runs/tjerk97t
wandb: ️⚡ View job at https://wandb.ai/ren27-university-of-california-berkeley/pinn_e1_smoke/jobs/QXJ0aWZhY3RDb2xsZWN0aW9uOjE0OTcxNTgyMzI=/version_details/v2
wandb: Synced 6 W&B file(s), 0 media file(s), 0 artifact file(s) and 0 other file(s)
wandb: Find logs at: ./wandb/run-20260913_143405-tjerk97t/logs
