wandb: Currently logged in as: ren27 (ren27-university-of-california-berkeley). Use `wandb login --relogin` to force relogin
wandb: wandb version 0.29.0 is available!  To upgrade, please run:
wandb:  $ pip install wandb --upgrade
wandb: Tracking run with wandb version 0.16.3
wandb: Run data is saved locally in /global/home/users/ren27/rla-pinns-use/rla_pinns/wandb/run-20260830_132515-y1a16pcm
wandb: Run `wandb offline` to turn off syncing.
wandb: Syncing run smoke_a2_adaptive_p100
wandb: ⭐️ View project at https://wandb.ai/ren27-university-of-california-berkeley/pinn_e1_smoke
wandb: 🚀 View run at https://wandb.ai/ren27-university-of-california-berkeley/pinn_e1_smoke/runs/y1a16pcm
wandb: - 0.002 MB of 0.002 MB uploadedwandb: \ 0.002 MB of 0.020 MB uploadedwandb: | 0.007 MB of 0.020 MB uploadedwandb: / 0.020 MB of 0.020 MB uploadedwandb: 
wandb: Run history:
wandb:  decay_factor ████████████████████████████████▇▆▅▄▁▃▇█
wandb:      l2_error ████████████▇▇▇▇▇▇▇▇▇▇▇▇▇▇▇▆▆▆▅▅▄▃▂▁▁▁▁▁
wandb:          loss ██████▇▇▇▇▇▇▇▇▇▇▇▇▇▆▆▆▆▆▆▆▆▅▅▄▄▃▂▂▁▁▁▁▁▁
wandb: loss_boundary ████▇▇▇▇▇▇▇▇▇▇▇▇▆▇▆▆▆▆▆▆▆▆▆▅▅▄▄▃▂▂▁▁▁▁▁▁
wandb: loss_interior ██████▇▇▇▇▇▇▇▇▇▇▇▇▇▆▆▆▆▆▆▆▆▅▅▄▄▃▂▂▁▁▁▁▁▁
wandb:          step ▁▁▁▁▁▁▁▁▁▁▁▁▁▁▁▁▁▁▁▂▂▂▂▂▂▂▂▂▂▂▃▃▃▃▄▅▅▆▇█
wandb:          time ▁▁▁▁▁▁▁▁▁▁▁▁▁▁▁▁▁▁▂▂▂▂▂▂▂▂▂▂▂▂▃▃▃▄▄▅▅▆▇█
wandb: 
wandb: Run summary:
wandb:  decay_factor 0.98487
wandb:      l2_error 0.01522
wandb:          loss 0.00015
wandb: loss_boundary 0.00012
wandb: loss_interior 3e-05
wandb:          step 445
wandb:          time 600.63239
wandb: 
wandb: 🚀 View run smoke_a2_adaptive_p100 at: https://wandb.ai/ren27-university-of-california-berkeley/pinn_e1_smoke/runs/y1a16pcm
wandb: ️⚡ View job at https://wandb.ai/ren27-university-of-california-berkeley/pinn_e1_smoke/jobs/QXJ0aWZhY3RDb2xsZWN0aW9uOjEzODM4NTAyNTc=/version_details/v0
wandb: Synced 6 W&B file(s), 0 media file(s), 0 artifact file(s) and 0 other file(s)
wandb: Find logs at: ./wandb/run-20260830_132515-y1a16pcm/logs
