wandb: Currently logged in as: ren27 (ren27-university-of-california-berkeley). Use `wandb login --relogin` to force relogin
wandb: wandb version 0.30.0 is available!  To upgrade, please run:
wandb:  $ pip install wandb --upgrade
wandb: Tracking run with wandb version 0.16.3
wandb: Run data is saved locally in /global/home/users/ren27/rla-pinns-use/rla_pinns/wandb/run-20260910_131008-utsdyyuo
wandb: Run `wandb offline` to turn off syncing.
wandb: Syncing run engdw_p100_m1
wandb: ⭐️ View project at https://wandb.ai/ren27-university-of-california-berkeley/pinn_e5_final
wandb: 🚀 View run at https://wandb.ai/ren27-university-of-california-berkeley/pinn_e5_final/runs/utsdyyuo
wandb: - 0.002 MB of 0.002 MB uploadedwandb: \ 0.002 MB of 0.025 MB uploadedwandb: | 0.025 MB of 0.025 MB uploadedwandb: 
wandb: Run history:
wandb: cholesky_escalations ▁▁▁▁▁▁▁▁▁▁▁▁▁▁▁▁▁▁▁▁▁▁▁▁▁▁▁▁▁▁▁▁▁▁▁▁▁▁▁▁
wandb:             l2_error ██▆▅▄▄▃▃▃▂▂▂▂▂▂▂▂▂▂▂▂▁▁▁▁▁▁▁▁▁▁▁▁▁▁▁▁▁▁▁
wandb:                 loss █▆▃▂▂▂▁▁▁▁▁▁▁▁▁▁▁▁▁▁▁▁▁▁▁▁▁▁▁▁▁▁▁▁▁▁▁▁▁▁
wandb:        loss_boundary █▇▅▃▂▂▂▁▁▁▁▁▁▁▁▁▁▁▁▁▁▁▁▁▁▁▁▁▁▁▁▁▁▁▁▁▁▁▁▁
wandb:        loss_interior █▆▃▂▂▂▁▁▁▁▁▁▁▁▁▁▁▁▁▁▁▁▁▁▁▁▁▁▁▁▁▁▁▁▁▁▁▁▁▁
wandb:                 step ▁▁▁▁▁▁▁▁▁▁▁▁▁▁▁▁▁▁▁▁▁▁▁▁▁▁▁▁▁▂▂▂▂▂▃▃▄▅▆█
wandb:                 time ▁▁▁▁▁▁▁▁▁▁▁▁▁▁▁▁▁▁▁▁▁▁▁▁▁▁▁▁▁▂▂▂▂▂▃▃▄▅▆█
wandb: 
wandb: Run summary:
wandb: cholesky_escalations 0
wandb:             l2_error 0.01302
wandb:                 loss 0.00012
wandb:        loss_boundary 0.0001
wandb:        loss_interior 2e-05
wandb:                 step 18211
wandb:                 time 10000.44813
wandb: 
wandb: 🚀 View run engdw_p100_m1 at: https://wandb.ai/ren27-university-of-california-berkeley/pinn_e5_final/runs/utsdyyuo
wandb: ️⚡ View job at https://wandb.ai/ren27-university-of-california-berkeley/pinn_e5_final/jobs/QXJ0aWZhY3RDb2xsZWN0aW9uOjE0ODE5MjY3NDU=/version_details/v3
wandb: Synced 6 W&B file(s), 0 media file(s), 0 artifact file(s) and 0 other file(s)
wandb: Find logs at: ./wandb/run-20260910_131008-utsdyyuo/logs
