wandb: Currently logged in as: ren27 (ren27-university-of-california-berkeley). Use `wandb login --relogin` to force relogin
wandb: wandb version 0.30.0 is available!  To upgrade, please run:
wandb:  $ pip install wandb --upgrade
wandb: Tracking run with wandb version 0.16.3
wandb: Run data is saved locally in /global/home/users/ren27/rla-pinns-use/rla_pinns/wandb/run-20260910_154413-0i1x85ka
wandb: Run `wandb offline` to turn off syncing.
wandb: Syncing run primesr_heat4_m1
wandb: ⭐️ View project at https://wandb.ai/ren27-university-of-california-berkeley/pinn_e5_final
wandb: 🚀 View run at https://wandb.ai/ren27-university-of-california-berkeley/pinn_e5_final/runs/0i1x85ka
wandb: - 0.002 MB of 0.002 MB uploadedwandb: \ 0.002 MB of 0.020 MB uploadedwandb: | 0.020 MB of 0.020 MB uploadedwandb: 
wandb: Run history:
wandb: cholesky_escalations ▁▁▁▁▁▁▁▁▁▁▁▁▁▁▁▁▁▁▁▁▁▁▁▁▁▁▁▁▁▁▁▁▁▁▁▁▁▁▁▁
wandb:         decay_factor ▁▇▇█████████████████████████████████████
wandb:             l2_error █▇█▇▇▆▆▅▅▅▄▄▄▄▃▃▃▃▃▂▂▂▂▂▂▂▁▁▁▁▁▁▁▁▁▁▁▁▁▁
wandb:                 loss █▇█▆▆▅▄▄▃▃▃▂▂▂▂▂▂▂▁▁▁▁▁▁▁▁▁▁▁▁▁▁▁▁▁▁▁▁▁▁
wandb:        loss_boundary █▇█▆▆▅▄▄▃▃▃▂▂▂▂▂▂▂▁▁▁▁▁▁▁▁▁▁▁▁▁▁▁▁▁▁▁▁▁▁
wandb:        loss_interior ▁▅▇▃▃▃▄▄▆██▇▆▅▄▃▃▂▂▂▂▁▁▁▁▁▁▁▁▁▁▁▁▁▁▁▁▁▁▁
wandb:       prime_sr_alpha ▇█▇▆▆▅▄▄▄▄▄▄▃▃▃▃▃▃▃▃▂▂▂▂▂▂▂▂▁▁▁▁▁▁▁▁▁▁▁▁
wandb:  prime_sr_alpha_ceil ███▁▁▁▁▁▁▁▁▁▁▁▁▁▁▁▁▁▁▁▁▁▁▁▁▁▁▁▁▁▁▁▁▁▁▁▁▁
wandb:  prime_sr_beta_tilde ▁███████████████████████████████████████
wandb:        prime_sr_rank ▁▃▅▆▆▆▆▆▆▆▆▆▇▇▇▇▇██████████▇▇▆▅▅▅▄▄▄▄▃▃▃
wandb:                 step ▁▁▁▁▁▁▁▁▁▁▁▁▁▁▁▁▁▂▂▂▂▂▂▂▂▂▂▂▂▂▃▃▃▄▄▅▆▆▇█
wandb:                 time ▁▁▁▁▁▁▁▁▁▁▁▁▁▁▁▁▁▂▂▂▂▂▂▂▂▂▂▂▂▂▃▃▃▄▄▅▆▆▇█
wandb: 
wandb: Run summary:
wandb: cholesky_escalations 0
wandb:         decay_factor 0.97657
wandb:             l2_error 1e-05
wandb:                 loss 0.0
wandb:        loss_boundary 0.0
wandb:        loss_interior 0.0
wandb:       prime_sr_alpha 1.04526
wandb:  prime_sr_alpha_ceil 2
wandb:  prime_sr_beta_tilde 1.33482
wandb:        prime_sr_rank 1058
wandb:                 step 391
wandb:                 time 3001.44885
wandb: 
wandb: 🚀 View run primesr_heat4_m1 at: https://wandb.ai/ren27-university-of-california-berkeley/pinn_e5_final/runs/0i1x85ka
wandb: ️⚡ View job at https://wandb.ai/ren27-university-of-california-berkeley/pinn_e5_final/jobs/QXJ0aWZhY3RDb2xsZWN0aW9uOjE0ODE5MjY3NDU=/version_details/v3
wandb: Synced 6 W&B file(s), 0 media file(s), 0 artifact file(s) and 0 other file(s)
wandb: Find logs at: ./wandb/run-20260910_154413-0i1x85ka/logs
