wandb: Currently logged in as: ren27 (ren27-university-of-california-berkeley). Use `wandb login --relogin` to force relogin
wandb: wandb version 0.30.0 is available!  To upgrade, please run:
wandb:  $ pip install wandb --upgrade
wandb: Tracking run with wandb version 0.16.3
wandb: Run data is saved locally in /global/home/users/ren27/rla-pinns-use/rla_pinns/wandb/run-20260910_145042-tk8hqi6o
wandb: Run `wandb offline` to turn off syncing.
wandb: Syncing run engdw_heat4_m1
wandb: ⭐️ View project at https://wandb.ai/ren27-university-of-california-berkeley/pinn_e5_final
wandb: 🚀 View run at https://wandb.ai/ren27-university-of-california-berkeley/pinn_e5_final/runs/tk8hqi6o
wandb: - 0.002 MB of 0.002 MB uploadedwandb: \ 0.002 MB of 0.019 MB uploadedwandb: | 0.020 MB of 0.020 MB uploadedwandb: 
wandb: Run history:
wandb: cholesky_escalations ▁▁▁▁▁▁▁▁▁▁▁▁▁▁▁▁▁▁▁▁▁▁▁▁▁▁▁▁▁▁▁▁▁▁▁▁▁▁▁▁
wandb:             l2_error ██▇▆▆▅▄▃▃▃▂▂▂▂▂▂▂▁▁▁▁▁▁▁▁▁▁▁▁▁▁▁▁▁▁▁▁▁▁▁
wandb:                 loss █▇▆▄▄▃▂▂▂▁▁▁▁▁▁▁▁▁▁▁▁▁▁▁▁▁▁▁▁▁▁▁▁▁▁▁▁▁▁▁
wandb:        loss_boundary █▇▆▄▄▃▂▂▂▁▁▁▁▁▁▁▁▁▁▁▁▁▁▁▁▁▁▁▁▁▁▁▁▁▁▁▁▁▁▁
wandb:        loss_interior ▁▇█▆▅▄▃▂▂▂▁▁▁▁▁▁▁▁▁▁▁▁▁▁▁▁▁▁▁▁▁▁▁▁▁▁▁▁▁▁
wandb:                 step ▁▁▁▁▁▁▁▁▁▁▁▁▁▁▁▁▁▁▁▁▂▂▂▂▂▂▂▂▂▂▃▃▃▄▄▅▅▆▇█
wandb:                 time ▁▁▁▁▁▁▁▁▁▁▁▁▁▁▁▁▁▁▁▁▂▂▂▂▂▂▂▂▂▂▃▃▃▄▄▅▅▆▇█
wandb: 
wandb: Run summary:
wandb: cholesky_escalations 0
wandb:             l2_error 1e-05
wandb:                 loss 0.0
wandb:        loss_boundary 0.0
wandb:        loss_interior 0.0
wandb:                 step 472
wandb:                 time 3003.89731
wandb: 
wandb: 🚀 View run engdw_heat4_m1 at: https://wandb.ai/ren27-university-of-california-berkeley/pinn_e5_final/runs/tk8hqi6o
wandb: ️⚡ View job at https://wandb.ai/ren27-university-of-california-berkeley/pinn_e5_final/jobs/QXJ0aWZhY3RDb2xsZWN0aW9uOjE0ODE5MjY3NDU=/version_details/v3
wandb: Synced 6 W&B file(s), 0 media file(s), 0 artifact file(s) and 0 other file(s)
wandb: Find logs at: ./wandb/run-20260910_145042-tk8hqi6o/logs
