wandb: Currently logged in as: ren27 (ren27-university-of-california-berkeley). Use `wandb login --relogin` to force relogin
wandb: wandb version 0.30.0 is available!  To upgrade, please run:
wandb:  $ pip install wandb --upgrade
wandb: Tracking run with wandb version 0.16.3
wandb: Run data is saved locally in /global/home/users/ren27/rla-pinns-use/rla_pinns/wandb/run-20260909_203739-e0f8b67j
wandb: Run `wandb offline` to turn off syncing.
wandb: Syncing run ssspring_lfp9_smoke
wandb: ⭐️ View project at https://wandb.ai/ren27-university-of-california-berkeley/pinn_e5_smoke
wandb: 🚀 View run at https://wandb.ai/ren27-university-of-california-berkeley/pinn_e5_smoke/runs/e0f8b67j
wandb: - 0.002 MB of 0.017 MB uploadedwandb: \ 0.017 MB of 0.017 MB uploadedwandb: 
wandb: Run history:
wandb: cholesky_escalations ▁▁▁▁▁▁▁▁▁▁▁▁▁▁▁▁▁▁▁▁▁▁▁▁▁▁▁▁▁▁▁▁▁▁▁▁▁▁▁▁
wandb:         decay_factor █████████████████████████████████████▁▁▁
wandb:             l2_error ████▇▇▇▇▇▇▇▇▆▆▆▆▆▆▆▆▆▆▅▅▅▅▅▅▅▅▅▄▄▄▄▃▃▂▂▁
wandb:                 loss ▅█▅▅▅▅▃▆▅▆▄▂▅▆▄▄▆▃▂▂█▅▅▆▃▃▆▅▆▂▃▅▅▅▄▁▄▃▃▄
wandb:        loss_boundary ▅█▄▅▅▅▃▆▅▆▄▂▅▆▄▄▆▃▂▂█▅▅▆▃▃▆▅▆▂▃▅▅▅▄▁▄▃▃▄
wandb:        loss_interior ███▇▇▇▇▇▇▇▆▆▆▆▆▆▆▆▅▅▅▅▅▅▅▅▅▅▄▄▄▄▄▄▄▃▃▂▂▁
wandb:                 step ▁▁▁▁▁▂▂▂▂▂▂▂▂▃▃▃▃▃▃▃▃▃▄▄▄▄▄▄▄▄▄▅▅▅▅▆▆▇▇█
wandb:                 time ▁▁▁▁▁▂▂▂▂▂▂▂▂▃▃▃▃▃▃▃▃▃▄▄▄▄▄▄▄▄▄▅▅▅▅▆▆▇▇█
wandb: 
wandb: Run summary:
wandb: cholesky_escalations 0
wandb:         decay_factor 0.97588
wandb:             l2_error 37.66355
wandb:                 loss 1102.16952
wandb:        loss_boundary 1092.35599
wandb:        loss_interior 9.81353
wandb:                 step 74
wandb:                 time 606.04318
wandb: 
wandb: 🚀 View run ssspring_lfp9_smoke at: https://wandb.ai/ren27-university-of-california-berkeley/pinn_e5_smoke/runs/e0f8b67j
wandb: ️⚡ View job at https://wandb.ai/ren27-university-of-california-berkeley/pinn_e5_smoke/jobs/QXJ0aWZhY3RDb2xsZWN0aW9uOjE0NzU4OTY4NDQ=/version_details/v16
wandb: Synced 6 W&B file(s), 0 media file(s), 0 artifact file(s) and 0 other file(s)
wandb: Find logs at: ./wandb/run-20260909_203739-e0f8b67j/logs
