wandb: Currently logged in as: ren27 (ren27-university-of-california-berkeley). Use `wandb login --relogin` to force relogin
wandb: wandb version 0.30.0 is available!  To upgrade, please run:
wandb:  $ pip install wandb --upgrade
wandb: Tracking run with wandb version 0.16.3
wandb: Run data is saved locally in /global/home/users/ren27/rla-pinns-use/rla_pinns/wandb/run-20260909_183412-hpacp0e5
wandb: Run `wandb offline` to turn off syncing.
wandb: Syncing run ssspring_p100_smoke
wandb: ⭐️ View project at https://wandb.ai/ren27-university-of-california-berkeley/pinn_e5_smoke
wandb: 🚀 View run at https://wandb.ai/ren27-university-of-california-berkeley/pinn_e5_smoke/runs/hpacp0e5
wandb: - 0.002 MB of 0.002 MB uploadedwandb: \ 0.002 MB of 0.022 MB uploadedwandb: | 0.022 MB of 0.022 MB uploadedwandb: 
wandb: Run history:
wandb:  decay_factor ▁▁▁▁▁▁▁▁▁▁▁▁▁▁▁▁▁▁▁▁▁▁▁▁▁▁███████████▁██
wandb:      l2_error ████████████▇▇▇▇▇▇▇▇▇▇▇▇▇▇▆▆▅▄▄▃▂▁▁▁▁▁▁▁
wandb:          loss ██████▇▇▇▇▇▇▇▇▇▇▇▆▆▆▆▆▆▆▆▅▅▄▃▃▂▂▁▁▁▁▁▁▁▁
wandb: loss_boundary █████▇▇▇▇▇▇▇▇▇▇▆▇▆▆▆▆▆▆▆▆▆▅▄▃▃▂▂▁▁▁▁▁▁▁▁
wandb: loss_interior ██████▇▇▇▇▇▇▇▇▇▇▇▆▆▆▆▆▆▆▆▅▅▄▃▃▂▂▁▁▁▁▁▁▁▁
wandb:          step ▁▁▁▁▁▁▁▁▁▁▁▁▁▁▁▁▁▁▁▁▁▁▁▁▂▂▂▂▂▂▂▃▃▃▄▄▅▆▇█
wandb:          time ▁▁▁▁▁▁▁▁▁▁▁▁▁▁▁▁▁▁▁▁▁▁▁▂▂▂▂▂▂▂▂▃▃▄▄▄▅▆▇█
wandb: 
wandb: Run summary:
wandb:  decay_factor 0.99
wandb:      l2_error 0.01384
wandb:          loss 0.00013
wandb: loss_boundary 9e-05
wandb: loss_interior 4e-05
wandb:          step 644
wandb:          time 600.67481
wandb: 
wandb: 🚀 View run ssspring_p100_smoke at: https://wandb.ai/ren27-university-of-california-berkeley/pinn_e5_smoke/runs/hpacp0e5
wandb: ️⚡ View job at https://wandb.ai/ren27-university-of-california-berkeley/pinn_e5_smoke/jobs/QXJ0aWZhY3RDb2xsZWN0aW9uOjE0NzU4OTY4NDQ=/version_details/v3
wandb: Synced 6 W&B file(s), 0 media file(s), 0 artifact file(s) and 0 other file(s)
wandb: Find logs at: ./wandb/run-20260909_183412-hpacp0e5/logs
