wandb: Currently logged in as: ren27 (ren27-university-of-california-berkeley). Use `wandb login --relogin` to force relogin
wandb: wandb version 0.30.0 is available!  To upgrade, please run:
wandb:  $ pip install wandb --upgrade
wandb: Tracking run with wandb version 0.16.3
wandb: Run data is saved locally in /global/home/users/ren27/rla-pinns-use/rla_pinns/wandb/run-20260909_200117-rauf7ytu
wandb: Run `wandb offline` to turn off syncing.
wandb: Syncing run primesr_lfp9_smoke
wandb: ⭐️ View project at https://wandb.ai/ren27-university-of-california-berkeley/pinn_e5_smoke
wandb: 🚀 View run at https://wandb.ai/ren27-university-of-california-berkeley/pinn_e5_smoke/runs/rauf7ytu
wandb: - 0.002 MB of 0.002 MB uploadedwandb: \ 0.002 MB of 0.002 MB uploadedwandb: | 0.002 MB of 0.012 MB uploadedwandb: / 0.015 MB of 0.015 MB uploadedwandb: 
wandb: Run history:
wandb: cholesky_escalations ▁▁▁▁▁▁▁▁▁▁▁▁▁▁▁▁▁▁▁▁▁▁▁▁▁▁▁▁▁▁▁▁▁▁
wandb:         decay_factor ▁█████████████████████████████████
wandb:             l2_error ██▇▇▆▆▅▅▅▄▄▄▄▃▃▃▃▃▂▂▂▂▂▂▂▂▁▁▁▁▁▁▁▁
wandb:                 loss ██▇▆▆▅▅▅▄▄▄▃▃▃▃▃▂▂▂▂▂▂▂▂▂▁▁▁▁▁▁▁▁▁
wandb:        loss_boundary ██▇▆▆▅▅▅▄▄▄▃▃▃▃▃▂▂▂▂▂▂▂▂▂▁▁▁▁▁▁▁▁▁
wandb:        loss_interior █▇▇▆▆▆▅▅▄▄▄▄▃▃▃▃▂▂▂▂▂▂▂▂▁▁▁▁▁▁▁▁▁▁
wandb:       prime_sr_alpha ▁▄▅▆▅▅▅▅▅▆▆▇▇▇▇███████████████████
wandb:  prime_sr_alpha_ceil ▁▄▅▇▅▅▅▅▇▇▇▇██████████████████████
wandb:  prime_sr_beta_tilde ▁█████████████████████████████████
wandb:        prime_sr_rank ▁▁▁▁▁▁▁▁▁▁▁▁▁▁▁▁▁▁▁▁▁▁▁▁▁▁▁▁▁▁▁▁▁▁
wandb:                 step ▁▁▁▂▂▂▂▂▃▃▃▃▄▄▄▄▄▅▅▅▅▅▆▆▆▆▇▇▇▇▇███
wandb:                 time ▁▁▁▂▂▂▂▂▃▃▃▃▄▄▄▄▄▅▅▅▅▅▆▆▆▆▇▇▇▇▇███
wandb: 
wandb: Run summary:
wandb: cholesky_escalations 0
wandb:         decay_factor 0.68486
wandb:             l2_error 5.24845
wandb:                 loss 58.27108
wandb:        loss_boundary 57.8232
wandb:        loss_interior 0.44789
wandb:       prime_sr_alpha 16.57501
wandb:  prime_sr_alpha_ceil 17
wandb:  prime_sr_beta_tilde 1.37616
wandb:        prime_sr_rank 4000
wandb:                 step 33
wandb:                 time 302.2812
wandb: 
wandb: 🚀 View run primesr_lfp9_smoke at: https://wandb.ai/ren27-university-of-california-berkeley/pinn_e5_smoke/runs/rauf7ytu
wandb: ️⚡ View job at https://wandb.ai/ren27-university-of-california-berkeley/pinn_e5_smoke/jobs/QXJ0aWZhY3RDb2xsZWN0aW9uOjE0NzU4OTY4NDQ=/version_details/v7
wandb: Synced 6 W&B file(s), 0 media file(s), 0 artifact file(s) and 0 other file(s)
wandb: Find logs at: ./wandb/run-20260909_200117-rauf7ytu/logs
