wandb: Currently logged in as: ren27 (ren27-university-of-california-berkeley). Use `wandb login --relogin` to force relogin
wandb: wandb version 0.30.0 is available!  To upgrade, please run:
wandb:  $ pip install wandb --upgrade
wandb: Tracking run with wandb version 0.16.3
wandb: Run data is saved locally in /global/home/users/ren27/rla-pinns-use/rla_pinns/wandb/run-20260909_183118-2ex0ji6w
wandb: Run `wandb offline` to turn off syncing.
wandb: Syncing run ssspring_p5_smoke
wandb: ⭐️ View project at https://wandb.ai/ren27-university-of-california-berkeley/pinn_e5_smoke
wandb: 🚀 View run at https://wandb.ai/ren27-university-of-california-berkeley/pinn_e5_smoke/runs/2ex0ji6w
Traceback (most recent call last):
  File "/global/home/users/ren27/rla-pinns-use/rla_pinns/train.py", line 878, in <module>
    main()
  File "/global/home/users/ren27/rla-pinns-use/rla_pinns/train.py", line 669, in main
    loss_interior, loss_boundary = optimizer.step(
  File "/global/home/users/ren27/.conda/envs/rla_pinns/lib/python3.9/site-packages/torch/optim/optimizer.py", line 385, in wrapper
    out = func(*args, **kwargs)
  File "/global/home/users/ren27/rla-pinns-use/rla_pinns/optim/same_sampled_spring_unified.py", line 345, in step
    L_spring = cholesky(OOT)
torch._C._LinAlgError: linalg.cholesky: The factorization could not be completed because the input is not positive-definite (the leading minor of order 3496 is not positive-definite).
wandb: - 0.002 MB of 0.002 MB uploadedwandb: \ 0.002 MB of 0.002 MB uploadedwandb: | 0.009 MB of 0.015 MB uploaded (0.002 MB deduped)wandb: / 0.009 MB of 0.031 MB uploaded (0.002 MB deduped)wandb: - 0.031 MB of 0.031 MB uploaded (0.002 MB deduped)wandb: 
wandb: Run history:
wandb:  decay_factor ▁▁▁▁▁▁▁▁▁▁▁▁▁▁▁▁▁▁▁▁▁▁▁▁▁███████████████
wandb:      l2_error ████████████████████████████████████▇▆▄▁
wandb:          loss ███████████▇█▇█▇██▇██████▇██▇███▇▇▇▇▇▅▃▁
wandb: loss_boundary ▇▇▇▇▇▇▇▆▇▇▆▇▇▇▇▇█▇▇▆▇▇██▇▇▇▇▇▇▇▇▇▆▆▆▆▅▃▁
wandb: loss_interior ███████████▇█▇█▇██▇██████▇██▇███▇▇▇▇▇▅▃▁
wandb:          step ▁▁▁▁▁▁▁▁▁▁▁▁▁▁▁▁▁▁▁▁▁▁▁▁▁▂▂▂▂▂▂▃▃▃▄▄▅▆▇█
wandb:          time ▁▁▁▁▁▁▁▁▁▁▁▁▁▁▁▁▁▁▁▁▁▁▁▁▁▂▂▂▂▂▂▃▃▃▄▄▅▆▇█
wandb: 
wandb: Run summary:
wandb:  decay_factor 0.99
wandb:      l2_error 0.37269
wandb:          loss 6.54571
wandb: loss_boundary 0.08378
wandb: loss_interior 6.46193
wandb:          step 790
wandb:          time 469.82191
wandb: 
wandb: 🚀 View run ssspring_p5_smoke at: https://wandb.ai/ren27-university-of-california-berkeley/pinn_e5_smoke/runs/2ex0ji6w
wandb: ️⚡ View job at https://wandb.ai/ren27-university-of-california-berkeley/pinn_e5_smoke/jobs/QXJ0aWZhY3RDb2xsZWN0aW9uOjE0NzU4OTY4NDQ=/version_details/v1
wandb: Synced 6 W&B file(s), 0 media file(s), 2 artifact file(s) and 0 other file(s)
wandb: Find logs at: ./wandb/run-20260909_183118-2ex0ji6w/logs
