wandb: Currently logged in as: ren27 (ren27-university-of-california-berkeley). Use `wandb login --relogin` to force relogin
wandb: wandb version 0.30.0 is available!  To upgrade, please run:
wandb:  $ pip install wandb --upgrade
wandb: Tracking run with wandb version 0.16.3
wandb: Run data is saved locally in /global/home/users/ren27/rla-pinns-use/rla_pinns/wandb/run-20260909_183714-c8zs1uxh
wandb: Run `wandb offline` to turn off syncing.
wandb: Syncing run ssspring_heat4_smoke
wandb: ⭐️ View project at https://wandb.ai/ren27-university-of-california-berkeley/pinn_e5_smoke
wandb: 🚀 View run at https://wandb.ai/ren27-university-of-california-berkeley/pinn_e5_smoke/runs/c8zs1uxh
wandb: - 0.002 MB of 0.002 MB uploadedwandb: \ 0.002 MB of 0.018 MB uploadedwandb: | 0.002 MB of 0.018 MB uploadedwandb: / 0.018 MB of 0.018 MB uploadedwandb: 
wandb: Run history:
wandb:  decay_factor ▁▁▁▁▁▁▁▁▁▁▁▁▁▁▁▁▁▁▁▁▁▁▁▁▁▁▁▁▁▁▁▁▁▁▁▁████
wandb:      l2_error ██████████████████▇▇▇▇▇▇▇▇▇▇▇▇▇▇▇▆▆▆▅▄▃▁
wandb:          loss ▆▇▆▇▆▇▇▆▆▇▇▆▆▆▆▆▆▅▇▅▇█▆▆▇▆▆▅▅▅▆▆▅▅▆▅▄▄▂▁
wandb: loss_boundary ▆▇▆▇▆▇▇▆▆▇▇▆▆▆▆▆▆▅▇▅▇█▆▆▇▆▆▅▅▅▆▆▅▅▆▅▄▄▂▁
wandb: loss_interior ████▇▇█▇▇▇▇▆▆▅▆▅▄▄▄▄▄▄▃▃▃▂▃▃▃▂▃▂▂▂▂▂▂▁▂▁
wandb:          step ▁▁▁▁▁▁▁▂▂▂▂▂▂▂▂▂▂▃▃▃▃▃▃▃▃▃▃▃▃▄▄▄▄▄▅▅▆▆▇█
wandb:          time ▁▁▁▁▁▁▂▂▂▂▂▂▂▂▂▂▂▃▃▃▃▃▃▃▃▃▃▃▄▄▄▄▄▄▅▅▆▆▇█
wandb: 
wandb: Run summary:
wandb:  decay_factor 0.99
wandb:      l2_error 1.77027
wandb:          loss 2.56527
wandb: loss_boundary 2.56527
wandb: loss_interior 0.0
wandb:          step 98
wandb:          time 604.79176
wandb: 
wandb: 🚀 View run ssspring_heat4_smoke at: https://wandb.ai/ren27-university-of-california-berkeley/pinn_e5_smoke/runs/c8zs1uxh
wandb: ️⚡ View job at https://wandb.ai/ren27-university-of-california-berkeley/pinn_e5_smoke/jobs/QXJ0aWZhY3RDb2xsZWN0aW9uOjE0NzU4OTY4NDQ=/version_details/v3
wandb: Synced 6 W&B file(s), 0 media file(s), 0 artifact file(s) and 0 other file(s)
wandb: Find logs at: ./wandb/run-20260909_183714-c8zs1uxh/logs
