wandb: Currently logged in as: ren27 (ren27-university-of-california-berkeley). Use `wandb login --relogin` to force relogin
wandb: wandb version 0.30.0 is available!  To upgrade, please run:
wandb:  $ pip install wandb --upgrade
wandb: Tracking run with wandb version 0.16.3
wandb: Run data is saved locally in /global/home/users/ren27/rla-pinns-use/rla_pinns/wandb/run-20260909_211506-e6xt3gjq
wandb: Run `wandb offline` to turn off syncing.
wandb: Syncing run primesr_heat4_smoke
wandb: ⭐️ View project at https://wandb.ai/ren27-university-of-california-berkeley/pinn_e5_smoke
wandb: 🚀 View run at https://wandb.ai/ren27-university-of-california-berkeley/pinn_e5_smoke/runs/e6xt3gjq
wandb: 429 encountered (Filestream rate limit exceeded, retrying in 2.4 seconds.), retrying request
wandb: 429 encountered (Filestream rate limit exceeded, retrying in 5.0 seconds.), retrying request
wandb: 429 encountered (Filestream rate limit exceeded, retrying in 2.2 seconds.), retrying request
wandb: 429 encountered (Filestream rate limit exceeded, retrying in 2.3 seconds.), retrying request
wandb: - 0.002 MB of 0.002 MB uploadedwandb: \ 0.002 MB of 0.017 MB uploadedwandb: | 0.017 MB of 0.017 MB uploadedwandb: 
wandb: Run history:
wandb: cholesky_escalations ▁▁▁▁▁▁▁▁▁▁▁▁▁▁▁▁▁▁▁▁▁▁▁▁▁▁▁▁▁▁▁▁▁▁▁▁▁▁▁▁
wandb:         decay_factor ▁████████████████████▇▇▇▇▇▇▇▇▇▇▇▇▇▇▇▇▇▇▇
wandb:             l2_error ███████████████▇▇▇▇▇▇▇▇▇▇▇▇▇▇▇▇▇▇▇▆▆▅▄▄▁
wandb:                 loss ▆▇▅▇▇▇█▅██▇█▅▅▅▅▇▆█▇▄█▇▆▅█▅▆▃▅▇▆▇▇▄▇▅▄▃▁
wandb:        loss_boundary ▆▇▅▇▇▇█▅██▇█▅▅▅▅▇▆█▇▄█▇▆▅█▅▆▃▅▇▆▇▇▄▇▅▄▃▁
wandb:        loss_interior ██▇██▇█▇▇▇▇▆▆▆▆▆▅▅▅▅▅▅▄▄▄▄▃▄▃▃▃▃▃▃▃▃▂▃▂▁
wandb:       prime_sr_alpha ▁▁▁▁▁▁▁▂▁▂▂▂▂▃▃▃▃▃▄▄▄▄▄▅▅▅▅▅▆▆▆▆▆▆▇▇████
wandb:  prime_sr_alpha_ceil ▁▁▁▁▁▁▁▁▁▁▁▁▁▁▁▁▁▁▁▁████████████████████
wandb:  prime_sr_beta_tilde ▁███████████████████████████████████████
wandb:        prime_sr_rank ▁▁▁▁▁▁▁▁▁▁▂▂▂▂▂▂▂▂▃▃▃▃▃▃▃▃▄▄▄▄▄▄▄▅▅▆▆▇▇█
wandb:                 step ▁▁▁▁▁▂▂▂▂▂▂▂▂▂▃▃▃▃▃▃▃▃▃▃▄▄▄▄▄▄▄▄▄▅▅▅▆▆▇█
wandb:                 time ▁▁▁▁▁▁▂▂▂▂▂▂▂▂▂▃▃▃▃▃▃▃▃▃▃▄▄▄▄▄▄▄▄▄▅▅▆▆▇█
wandb: 
wandb: Run summary:
wandb: cholesky_escalations 0
wandb:         decay_factor 0.91875
wandb:             l2_error 1.87211
wandb:                 loss 2.8325
wandb:        loss_boundary 2.8325
wandb:        loss_interior 0.0
wandb:       prime_sr_alpha 2.22106
wandb:  prime_sr_alpha_ceil 3
wandb:  prime_sr_beta_tilde 1.38302
wandb:        prime_sr_rank 710
wandb:                 step 79
wandb:                 time 605.00156
wandb: 
wandb: 🚀 View run primesr_heat4_smoke at: https://wandb.ai/ren27-university-of-california-berkeley/pinn_e5_smoke/runs/e6xt3gjq
wandb: ️⚡ View job at https://wandb.ai/ren27-university-of-california-berkeley/pinn_e5_smoke/jobs/QXJ0aWZhY3RDb2xsZWN0aW9uOjE0NzU4OTY4NDQ=/version_details/v23
wandb: Synced 6 W&B file(s), 0 media file(s), 0 artifact file(s) and 0 other file(s)
wandb: Find logs at: ./wandb/run-20260909_211506-e6xt3gjq/logs
