wandb: Currently logged in as: ren27 (ren27-university-of-california-berkeley). Use `wandb login --relogin` to force relogin
wandb: wandb version 0.30.0 is available!  To upgrade, please run:
wandb:  $ pip install wandb --upgrade
wandb: Tracking run with wandb version 0.16.3
wandb: Run data is saved locally in /global/home/users/ren27/rla-pinns-use/rla_pinns/wandb/run-20260909_183236-lymu7t8z
wandb: Run `wandb offline` to turn off syncing.
wandb: Syncing run spring_p100_smoke
wandb: ⭐️ View project at https://wandb.ai/ren27-university-of-california-berkeley/pinn_e5_smoke
wandb: 🚀 View run at https://wandb.ai/ren27-university-of-california-berkeley/pinn_e5_smoke/runs/lymu7t8z
wandb: - 0.002 MB of 0.002 MB uploadedwandb: \ 0.004 MB of 0.021 MB uploadedwandb: | 0.021 MB of 0.021 MB uploadedwandb: 
wandb: Run history:
wandb:      l2_error ▄█▅▄▄▄▃▃▃▃▃▂▂▂▂▂▂▂▂▂▁▁▁▁▁▁▁▁▁▁▁▁▁▁▁▁▁▁▁▁
wandb:          loss █▅▂▁▁▁▁▁▁▁▁▁▁▁▁▁▁▁▁▁▁▁▁▁▁▁▁▁▁▁▁▁▁▁▁▁▁▁▁▁
wandb: loss_boundary █▄█▄▃▄▃▂▂▂▂▂▂▂▁▁▁▁▁▁▁▁▁▁▁▁▁▁▁▁▁▁▁▁▁▁▁▁▁▁
wandb: loss_interior █▅▁▁▁▁▁▁▁▁▁▁▁▁▁▁▁▁▁▁▁▁▁▁▁▁▁▁▁▁▁▁▁▁▁▁▁▁▁▁
wandb:          step ▁▁▁▁▁▁▁▁▁▁▁▁▁▁▁▁▁▁▁▁▁▁▁▁▁▂▂▂▂▂▂▃▃▃▄▄▅▆▇█
wandb:          time ▁▁▁▁▁▁▁▁▁▁▁▁▁▁▁▁▁▁▁▁▁▁▁▁▂▂▂▂▂▂▂▃▃▃▄▅▅▆▇█
wandb: 
wandb: Run summary:
wandb:      l2_error 0.00981
wandb:          loss 8e-05
wandb: loss_boundary 4e-05
wandb: loss_interior 3e-05
wandb:          step 992
wandb:          time 600.56536
wandb: 
wandb: 🚀 View run spring_p100_smoke at: https://wandb.ai/ren27-university-of-california-berkeley/pinn_e5_smoke/runs/lymu7t8z
wandb: ️⚡ View job at https://wandb.ai/ren27-university-of-california-berkeley/pinn_e5_smoke/jobs/QXJ0aWZhY3RDb2xsZWN0aW9uOjE0NzU4OTY4NDQ=/version_details/v3
wandb: Synced 6 W&B file(s), 0 media file(s), 0 artifact file(s) and 0 other file(s)
wandb: Find logs at: ./wandb/run-20260909_183236-lymu7t8z/logs
