wandb: Currently logged in as: ren27 (ren27-university-of-california-berkeley). Use `wandb login --relogin` to force relogin
wandb: wandb version 0.30.0 is available!  To upgrade, please run:
wandb:  $ pip install wandb --upgrade
wandb: Tracking run with wandb version 0.16.3
wandb: Run data is saved locally in /global/home/users/ren27/rla-pinns-use/rla_pinns/wandb/run-20260909_211506-vgktjlat
wandb: Run `wandb offline` to turn off syncing.
wandb: Syncing run ssspring_lfp9_smoke
wandb: ⭐️ View project at https://wandb.ai/ren27-university-of-california-berkeley/pinn_e5_smoke
wandb: 🚀 View run at https://wandb.ai/ren27-university-of-california-berkeley/pinn_e5_smoke/runs/vgktjlat
wandb: 429 encountered (Filestream rate limit exceeded, retrying in 2.3 seconds.), retrying request
wandb: 429 encountered (Filestream rate limit exceeded, retrying in 4.8 seconds.), retrying request
wandb: 429 encountered (Filestream rate limit exceeded, retrying in 2.3 seconds.), retrying request
wandb: 429 encountered (Filestream rate limit exceeded, retrying in 4.1 seconds.), retrying request
wandb: - 0.002 MB of 0.002 MB uploadedwandb: \ 0.002 MB of 0.015 MB uploadedwandb: | 0.008 MB of 0.018 MB uploadedwandb: / 0.018 MB of 0.018 MB uploadedwandb: 
wandb: Run history:
wandb: cholesky_escalations ▁▁▁▁▁▁▁▁▁▁▁▁▁▁▁▁▁▁▁▁▁▁▁▁▁▁▁▁▁▁▁▁▁▁▁▁▁▁▁▁
wandb:         decay_factor ██████████████████████████████████████▁▁
wandb:             l2_error ████▇▇▇▇▇▇▇▇▆▆▆▆▆▆▆▆▆▅▅▅▅▅▅▅▅▅▄▄▄▄▄▄▃▃▂▁
wandb:                 loss ▅█▅▅▅▅▃▆▅▄▄▂▅▅▆▄▆▃▅▂█▅▄▅▆▃▃▆▅▆▃▃▅▅▅▅▁▄▃▄
wandb:        loss_boundary ▅█▄▅▅▅▃▆▅▄▄▂▅▅▆▄▆▃▅▂█▅▄▅▆▃▃▆▅▆▃▃▅▅▅▅▁▄▃▄
wandb:        loss_interior ███▇▇▇▇▇▇▇▆▆▆▆▆▆▆▆▆▅▅▅▅▅▅▅▅▅▅▄▄▄▄▄▄▃▃▃▂▁
wandb:                 step ▁▁▁▁▁▂▂▂▂▂▂▂▂▂▃▃▃▃▃▃▃▃▄▄▄▄▄▄▄▄▅▅▅▅▅▅▆▆▇█
wandb:                 time ▁▁▁▁▁▂▂▂▂▂▂▂▂▂▃▃▃▃▃▃▃▃▃▄▄▄▄▄▄▄▄▅▅▅▅▅▆▆▇█
wandb: 
wandb: Run summary:
wandb: cholesky_escalations 0
wandb:         decay_factor 0.97588
wandb:             l2_error 37.68787
wandb:                 loss 1090.86623
wandb:        loss_boundary 1081.04795
wandb:        loss_interior 9.81827
wandb:                 step 72
wandb:                 time 603.67884
wandb: 
wandb: 🚀 View run ssspring_lfp9_smoke at: https://wandb.ai/ren27-university-of-california-berkeley/pinn_e5_smoke/runs/vgktjlat
wandb: ️⚡ View job at https://wandb.ai/ren27-university-of-california-berkeley/pinn_e5_smoke/jobs/QXJ0aWZhY3RDb2xsZWN0aW9uOjE0NzU4OTY4NDQ=/version_details/v24
wandb: Synced 6 W&B file(s), 0 media file(s), 0 artifact file(s) and 0 other file(s)
wandb: Find logs at: ./wandb/run-20260909_211506-vgktjlat/logs
