wandb: Currently logged in as: ren27 (ren27-university-of-california-berkeley). Use `wandb login --relogin` to force relogin
wandb: wandb version 0.30.0 is available!  To upgrade, please run:
wandb:  $ pip install wandb --upgrade
wandb: Tracking run with wandb version 0.16.3
wandb: Run data is saved locally in /global/home/users/ren27/rla-pinns-use/rla_pinns/wandb/run-20260909_183412-mbm941r0
wandb: Run `wandb offline` to turn off syncing.
wandb: Syncing run primesr_p100_smoke
wandb: ⭐️ View project at https://wandb.ai/ren27-university-of-california-berkeley/pinn_e5_smoke
wandb: 🚀 View run at https://wandb.ai/ren27-university-of-california-berkeley/pinn_e5_smoke/runs/mbm941r0
wandb: - 0.002 MB of 0.002 MB uploadedwandb: \ 0.002 MB of 0.021 MB uploadedwandb: | 0.002 MB of 0.021 MB uploadedwandb: / 0.021 MB of 0.021 MB uploadedwandb: 
wandb: Run history:
wandb:        decay_factor ▁███████████████████████████████████████
wandb:            l2_error ███████████▇▇▇▇▇▇▇▇▇▇▇▇▇▆▆▆▆▅▅▄▃▃▂▂▁▁▁▁▁
wandb:                loss █████▇▇▇▇▇▇▇▇▇▇▇▇▆▆▆▆▆▆▆▅▅▄▄▃▃▂▂▂▁▁▁▁▁▁▁
wandb:       loss_boundary █████▇▇▇▇▇▇▇▇▇▆▇▆▆▆▆▆▆▆▆▅▅▄▄▄▃▂▂▂▁▁▁▁▁▁▁
wandb:       loss_interior ██████▇▇▇▇▇▇▇▇▇▇▇▆▆▆▆▆▆▆▅▅▄▄▃▃▂▂▂▁▁▁▁▁▁▁
wandb:      prime_sr_alpha ▇▇▇▇▇▇▇▇▇▇▆▆▆▆▆▆▆▆▆▆▆▆▆▅▆▅▅▅▅▄▄▆▇█▇▆▄▂▁▁
wandb: prime_sr_alpha_ceil ▁▁▁▁▁▁▁▁▁▁▁▁▁▁▁▁▁▁▁▁▁▁▁▁▁▁▁▁▁▁▁▁▁▁▁▁▁▁▁▁
wandb: prime_sr_beta_tilde ▁███████████████████████████████████████
wandb:       prime_sr_rank ▁▁▁▁▁▁▁▁▁▁▁▁▁▁▁▁▁▁▁▁▁▁▁▁▁▁▁▁▁▁▁▁▁▁▁▁▁▁▁▁
wandb:                step ▁▁▁▁▁▁▁▁▁▁▁▁▁▁▁▁▁▁▁▁▁▁▁▁▁▂▂▂▂▂▂▃▃▃▄▄▅▆▇█
wandb:                time ▁▁▁▁▁▁▁▁▁▁▁▁▁▁▁▁▁▁▁▁▁▁▁▁▂▂▂▂▂▂▂▃▃▃▄▄▅▆▇█
wandb: 
wandb: Run summary:
wandb:        decay_factor 0.99973
wandb:            l2_error 0.02007
wandb:                loss 0.00046
wandb:       loss_boundary 0.00025
wandb:       loss_interior 0.00021
wandb:      prime_sr_alpha 1.16779
wandb: prime_sr_alpha_ceil 2
wandb: prime_sr_beta_tilde 1.41314
wandb:       prime_sr_rank 150
wandb:                step 1002
wandb:                time 600.46243
wandb: 
wandb: 🚀 View run primesr_p100_smoke at: https://wandb.ai/ren27-university-of-california-berkeley/pinn_e5_smoke/runs/mbm941r0
wandb: ️⚡ View job at https://wandb.ai/ren27-university-of-california-berkeley/pinn_e5_smoke/jobs/QXJ0aWZhY3RDb2xsZWN0aW9uOjE0NzU4OTY4NDQ=/version_details/v2
wandb: Synced 6 W&B file(s), 0 media file(s), 0 artifact file(s) and 0 other file(s)
wandb: Find logs at: ./wandb/run-20260909_183412-mbm941r0/logs
