wandb: Currently logged in as: ren27 (ren27-university-of-california-berkeley). Use `wandb login --relogin` to force relogin
wandb: wandb version 0.30.0 is available!  To upgrade, please run:
wandb:  $ pip install wandb --upgrade
wandb: Tracking run with wandb version 0.16.3
wandb: Run data is saved locally in /global/home/users/ren27/rla-pinns-use/rla_pinns/wandb/run-20260909_183544-85zsu6ph
wandb: Run `wandb offline` to turn off syncing.
wandb: Syncing run engdw_heat4_smoke
wandb: ⭐️ View project at https://wandb.ai/ren27-university-of-california-berkeley/pinn_e5_smoke
wandb: 🚀 View run at https://wandb.ai/ren27-university-of-california-berkeley/pinn_e5_smoke/runs/85zsu6ph
wandb: - 0.002 MB of 0.002 MB uploadedwandb: \ 0.002 MB of 0.007 MB uploadedwandb: | 0.017 MB of 0.017 MB uploadedwandb: 
wandb: Run history:
wandb:      l2_error █▇▇▆▅▅▄▄▄▃▃▃▃▂▂▂▂▂▂▂▂▁▁▁▁▁▁▁▁▁▁▁▁▁▁▁▁▁▁▁
wandb:          loss ▆█▇▆▄▄▃▃▂▂▂▁▁▁▁▁▁▁▁▁▁▁▁▁▁▁▁▁▁▁▁▁▁▁▁▁▁▁▁▁
wandb: loss_boundary ▆█▇▆▄▄▃▃▂▂▂▁▁▁▁▁▁▁▁▁▁▁▁▁▁▁▁▁▁▁▁▁▁▁▁▁▁▁▁▁
wandb: loss_interior ▁█▇▄▂▂▂▂▁▁▁▁▁▁▁▁▁▁▁▁▁▁▁▁▁▁▁▁▁▁▁▁▁▁▁▁▁▁▁▁
wandb:          step ▁▁▁▁▁▁▂▂▂▂▂▂▂▂▂▂▂▃▃▃▃▃▃▃▃▃▃▃▄▄▄▄▄▄▅▅▆▆▇█
wandb:          time ▁▁▁▁▁▁▂▂▂▂▂▂▂▂▂▂▂▂▃▃▃▃▃▃▃▃▃▃▄▄▄▄▄▄▅▅▆▆▇█
wandb: 
wandb: Run summary:
wandb:      l2_error 0.00016
wandb:          loss 0.0
wandb: loss_boundary 0.0
wandb: loss_interior 0.0
wandb:          step 96
wandb:          time 603.0723
wandb: 
wandb: 🚀 View run engdw_heat4_smoke at: https://wandb.ai/ren27-university-of-california-berkeley/pinn_e5_smoke/runs/85zsu6ph
wandb: ️⚡ View job at https://wandb.ai/ren27-university-of-california-berkeley/pinn_e5_smoke/jobs/QXJ0aWZhY3RDb2xsZWN0aW9uOjE0NzU4OTY4NDQ=/version_details/v3
wandb: Synced 6 W&B file(s), 0 media file(s), 0 artifact file(s) and 0 other file(s)
wandb: Find logs at: ./wandb/run-20260909_183544-85zsu6ph/logs
