wandb: Currently logged in as: ren27 (ren27-university-of-california-berkeley). Use `wandb login --relogin` to force relogin
wandb: wandb version 0.30.0 is available!  To upgrade, please run:
wandb:  $ pip install wandb --upgrade
wandb: Tracking run with wandb version 0.16.3
wandb: Run data is saved locally in /global/home/users/ren27/rla-pinns-use/rla_pinns/wandb/run-20260909_213141-wc1egoy3
wandb: Run `wandb offline` to turn off syncing.
wandb: Syncing run primesr_p5_d16
wandb: ⭐️ View project at https://wandb.ai/ren27-university-of-california-berkeley/pinn_e5_tune
wandb: 🚀 View run at https://wandb.ai/ren27-university-of-california-berkeley/pinn_e5_tune/runs/wc1egoy3
wandb: 429 encountered (Filestream rate limit exceeded, retrying in 2.4 seconds.), retrying request
wandb: 429 encountered (Filestream rate limit exceeded, retrying in 4.0 seconds.), retrying request
wandb: 429 encountered (Filestream rate limit exceeded, retrying in 2.3 seconds.), retrying request
wandb: 429 encountered (Filestream rate limit exceeded, retrying in 4.8 seconds.), retrying request
wandb: 429 encountered (Filestream rate limit exceeded, retrying in 2.1 seconds.), retrying request
wandb: 429 encountered (Filestream rate limit exceeded, retrying in 4.9 seconds.), retrying request
wandb: - 0.002 MB of 0.002 MB uploadedwandb: \ 0.002 MB of 0.002 MB uploadedwandb: | 0.009 MB of 0.028 MB uploadedwandb: / 0.012 MB of 0.029 MB uploadedwandb: - 0.029 MB of 0.029 MB uploadedwandb: 
wandb: Run history:
wandb: cholesky_escalations ▁▁▁▁▁▁▁▁▁▁▁▁▁▁▁▁▁▁▁▁▁▁▁▁▁▁▁▁▁▁▁▁▁▁▁▁▁▁▁▁
wandb:         decay_factor ▁████████████████████████████▇▇▇▇▇▇▇▇▇▇▇
wandb:             l2_error █████████████████████████████▇▇▆▅▅▄▂▂▃▂▁
wandb:                 loss ▇▆▇▆▆▆▇▆▆█▇▇▆█▅▇▆▅▇▇█▆▇▇▇█▅▆▇▆▄▅▄▄▃▁▂▂▂▃
wandb:        loss_boundary ▆▅▆▇▅▇▆▇▆█▆▄▆▆▇█▇▆▃▄▅▅▇▆▄▅▇▆▆▄▄▆▅▅▅▁▃▂▁▃
wandb:        loss_interior █▇█▆▆▆█▆▆█▇▇▆█▅▆▆▅▇▇█▆▇▇▇█▅▆▇▆▅▅▄▄▃▁▂▂▂▃
wandb:       prime_sr_alpha ▁▁▂▄▅▆▆▆▆▆▅▅▅▅▅▅▅▅▅▅▅▅▅▅▅▆▆▇▇▇▇▇█▇▇██▇▇▇
wandb:  prime_sr_alpha_ceil ▁▁▁▁▁▁▁▁▁▁▁▁▁▁▁▁▁▁▁▁▁▁▁▁▁▁▁▁▁▁▁▁▁▁▁▁▁▁▁▁
wandb:  prime_sr_beta_tilde ▁███████████████████████████▇▇▆▆▇▇▆▇▆▆▆▆
wandb:        prime_sr_rank ▁▁▂▃▃▄▄▅▅▅▅▆▆▆▆▆▆▆▇▇▇▇▇███▇▆▅▄▄▄▄▄▄▄▃▃▄▄
wandb:                 step ▁▁▁▁▁▁▁▁▁▁▁▁▁▁▁▁▁▁▁▁▁▁▁▁▁▂▂▂▂▂▂▃▃▃▄▄▅▆▇█
wandb:                 time ▁▁▁▁▁▁▁▁▁▁▁▁▁▁▁▁▁▁▁▁▁▁▁▁▁▂▂▂▂▂▂▃▃▃▄▄▅▆▇█
wandb: 
wandb: Run summary:
wandb: cholesky_escalations 0
wandb:         decay_factor 0.87839
wandb:             l2_error 1.43561
wandb:                 loss 108.09765
wandb:        loss_boundary 1.29997
wandb:        loss_interior 106.79768
wandb:       prime_sr_alpha 1.70796
wandb:  prime_sr_alpha_ceil 2
wandb:  prime_sr_beta_tilde 1.00174
wandb:        prime_sr_rank 588
wandb:                 step 1223
wandb:                 time 1400.06988
wandb: 
wandb: 🚀 View run primesr_p5_d16 at: https://wandb.ai/ren27-university-of-california-berkeley/pinn_e5_tune/runs/wc1egoy3
wandb: ️⚡ View job at https://wandb.ai/ren27-university-of-california-berkeley/pinn_e5_tune/jobs/QXJ0aWZhY3RDb2xsZWN0aW9uOjE0Nzc0NDI0MzY=/version_details/v0
wandb: Synced 6 W&B file(s), 0 media file(s), 2 artifact file(s) and 0 other file(s)
wandb: Find logs at: ./wandb/run-20260909_213141-wc1egoy3/logs
