wandb: Currently logged in as: ren27 (ren27-university-of-california-berkeley). Use `wandb login --relogin` to force relogin
wandb: wandb version 0.30.0 is available!  To upgrade, please run:
wandb:  $ pip install wandb --upgrade
wandb: Tracking run with wandb version 0.16.3
wandb: Run data is saved locally in /global/home/users/ren27/rla-pinns-use/rla_pinns/wandb/run-20260909_235018-ts8y3oyn
wandb: Run `wandb offline` to turn off syncing.
wandb: Syncing run ssspring_p100_d10
wandb: ⭐️ View project at https://wandb.ai/ren27-university-of-california-berkeley/pinn_e5_tune
wandb: 🚀 View run at https://wandb.ai/ren27-university-of-california-berkeley/pinn_e5_tune/runs/ts8y3oyn
wandb: 429 encountered (Filestream rate limit exceeded, retrying in 2.0 seconds.), retrying request
wandb: 429 encountered (Filestream rate limit exceeded, retrying in 4.3 seconds.), retrying request
wandb: 429 encountered (Filestream rate limit exceeded, retrying in 2.4 seconds.), retrying request
wandb: 429 encountered (Filestream rate limit exceeded, retrying in 4.6 seconds.), retrying request
wandb: 429 encountered (Filestream rate limit exceeded, retrying in 2.3 seconds.), retrying request
wandb: 429 encountered (Filestream rate limit exceeded, retrying in 4.5 seconds.), retrying request
wandb: - 0.002 MB of 0.002 MB uploadedwandb: \ 0.002 MB of 0.030 MB uploadedwandb: | 0.030 MB of 0.030 MB uploadedwandb: / 0.030 MB of 0.030 MB uploadedwandb: 
wandb: Run history:
wandb: cholesky_escalations ▁▁▁▁▁▁▁▁▁▁▁▁▁▁▁▁▁▁▁▁▁▁▁▁▁▁▁▁▁▁▁▁▁▁▁▁▁▁▁▁
wandb:         decay_factor ▁▁▁▁▁▁▁▁▁▁▁▁▁▁▁▁▁▁▁▁▁▁▇▇▆▇██████████████
wandb:             l2_error ██▇▇▇▆▅▅▄▃▃▂▂▂▂▂▂▂▁▁▁▁▁▁▁▁▁▁▁▁▁▁▁▁▁▁▁▁▁▁
wandb:                 loss █▇▇▆▅▄▄▃▂▂▁▁▁▁▁▁▁▁▁▁▁▁▁▁▁▁▁▁▁▁▁▁▁▁▁▁▁▁▁▁
wandb:        loss_boundary █▇▆▆▆▅▄▃▂▂▂▁▁▁▁▁▁▁▁▁▁▁▁▁▁▁▁▁▁▁▁▁▁▁▁▁▁▁▁▁
wandb:        loss_interior █▇▇▆▅▄▄▃▂▂▁▁▁▁▁▁▁▁▁▁▁▁▁▁▁▁▁▁▁▁▁▁▁▁▁▁▁▁▁▁
wandb:                 step ▁▁▁▁▁▁▁▁▁▁▁▁▁▁▁▁▁▁▁▁▁▁▁▁▁▁▂▂▂▂▂▂▃▃▄▄▅▆▇█
wandb:                 time ▁▁▁▁▁▁▁▁▁▁▁▁▁▁▁▁▁▁▁▁▁▁▁▁▁▁▂▂▂▂▂▂▃▃▄▄▅▆▇█
wandb: 
wandb: Run summary:
wandb: cholesky_escalations 0
wandb:         decay_factor 0.99
wandb:             l2_error 0.01292
wandb:                 loss 0.00015
wandb:        loss_boundary 0.00012
wandb:        loss_interior 2e-05
wandb:                 step 2091
wandb:                 time 2000.4001
wandb: 
wandb: 🚀 View run ssspring_p100_d10 at: https://wandb.ai/ren27-university-of-california-berkeley/pinn_e5_tune/runs/ts8y3oyn
wandb: ️⚡ View job at https://wandb.ai/ren27-university-of-california-berkeley/pinn_e5_tune/jobs/QXJ0aWZhY3RDb2xsZWN0aW9uOjE0Nzc0NDI0MzY=/version_details/v11
wandb: Synced 6 W&B file(s), 0 media file(s), 0 artifact file(s) and 0 other file(s)
wandb: Find logs at: ./wandb/run-20260909_235018-ts8y3oyn/logs
