wandb: Currently logged in as: ren27 (ren27-university-of-california-berkeley). Use `wandb login --relogin` to force relogin
wandb: wandb version 0.30.0 is available!  To upgrade, please run:
wandb:  $ pip install wandb --upgrade
wandb: Tracking run with wandb version 0.16.3
wandb: Run data is saved locally in /global/home/users/ren27/rla-pinns-use/rla_pinns/wandb/run-20260910_015127-jssgjz6k
wandb: Run `wandb offline` to turn off syncing.
wandb: Syncing run ssspring_lfp9_d13
wandb: ⭐️ View project at https://wandb.ai/ren27-university-of-california-berkeley/pinn_e5_tune
wandb: 🚀 View run at https://wandb.ai/ren27-university-of-california-berkeley/pinn_e5_tune/runs/jssgjz6k
wandb: - 0.002 MB of 0.008 MB uploadedwandb: \ 0.002 MB of 0.018 MB uploadedwandb: | 0.018 MB of 0.018 MB uploadedwandb: 
wandb: Run history:
wandb: cholesky_escalations ▁▁▁▁▁▁▁▁▁▁▁▁▁▁▁▁▁▁▁▁▁▁▁▁▁▁▁▁▁▁▁▁▁▁▁▁▁▁▁▁
wandb:         decay_factor ▁▁▁▁▁▁▁▁▁▁▁▁▁▁▁▁▁▁▁▁▁▁▁▁▁▁▁▁▁▁▁▁▁███████
wandb:             l2_error ███████████▇▇▇▇▇▇▇▇▇▇▇▇▇▇▆▆▆▆▆▆▆▅▅▄▃▃▂▂▁
wandb:                 loss █████▇█▇▇▇▇▇▇▇▇▇▇▇▇▇▇▆▆▆▆▆▆▆▆▆▆▅▅▄▄▃▃▂▁▁
wandb:        loss_boundary █████▇█▇▇▇▇▇▇▇▇▇▇▇▇▇▇▆▆▆▆▆▆▆▆▆▆▅▅▄▄▃▃▂▁▁
wandb:        loss_interior ███████▇▇▇▇▇▇▇▇▇▇▇▇▇▇▇▆▆▆▆▆▆▆▆▆▅▅▄▃▃▂▂▁▁
wandb:                 step ▁▁▁▁▁▁▁▁▂▂▂▂▂▂▂▂▂▂▂▂▂▂▂▃▃▃▃▃▃▃▃▃▄▄▅▅▅▆▇█
wandb:                 time ▁▁▁▁▁▁▁▁▂▂▂▂▂▂▂▂▂▂▂▂▂▂▂▃▃▃▃▃▃▃▃▃▄▄▅▅▅▆▇█
wandb: 
wandb: Run summary:
wandb: cholesky_escalations 0
wandb:         decay_factor 0.99
wandb:             l2_error 4.30709
wandb:                 loss 33.89813
wandb:        loss_boundary 33.78797
wandb:        loss_interior 0.11016
wandb:                 step 143
wandb:                 time 1202.98516
wandb: 
wandb: 🚀 View run ssspring_lfp9_d13 at: https://wandb.ai/ren27-university-of-california-berkeley/pinn_e5_tune/runs/jssgjz6k
wandb: ️⚡ View job at https://wandb.ai/ren27-university-of-california-berkeley/pinn_e5_tune/jobs/QXJ0aWZhY3RDb2xsZWN0aW9uOjE0Nzc0NDI0MzY=/version_details/v11
wandb: Synced 6 W&B file(s), 0 media file(s), 0 artifact file(s) and 0 other file(s)
wandb: Find logs at: ./wandb/run-20260910_015127-jssgjz6k/logs
