wandb: Currently logged in as: ren27 (ren27-university-of-california-berkeley). Use `wandb login --relogin` to force relogin
wandb: wandb version 0.30.0 is available!  To upgrade, please run:
wandb:  $ pip install wandb --upgrade
wandb: Tracking run with wandb version 0.16.3
wandb: Run data is saved locally in /global/home/users/ren27/rla-pinns-use/rla_pinns/wandb/run-20260909_213141-aci1g8kw
wandb: Run `wandb offline` to turn off syncing.
wandb: Syncing run primesr_p5_d4
wandb: ⭐️ View project at https://wandb.ai/ren27-university-of-california-berkeley/pinn_e5_tune
wandb: 🚀 View run at https://wandb.ai/ren27-university-of-california-berkeley/pinn_e5_tune/runs/aci1g8kw
wandb: 429 encountered (Filestream rate limit exceeded, retrying in 2.5 seconds.), retrying request
wandb: 429 encountered (Filestream rate limit exceeded, retrying in 4.1 seconds.), retrying request
wandb: 429 encountered (Filestream rate limit exceeded, retrying in 2.0 seconds.), retrying request
wandb: 429 encountered (Filestream rate limit exceeded, retrying in 4.2 seconds.), retrying request
wandb: 429 encountered (Filestream rate limit exceeded, retrying in 2.3 seconds.), retrying request
wandb: 429 encountered (Filestream rate limit exceeded, retrying in 4.9 seconds.), retrying request
wandb: - 0.002 MB of 0.002 MB uploadedwandb: \ 0.002 MB of 0.002 MB uploadedwandb: | 0.009 MB of 0.014 MB uploadedwandb: / 0.009 MB of 0.029 MB uploadedwandb: - 0.029 MB of 0.029 MB uploadedwandb: 
wandb: Run history:
wandb: cholesky_escalations ▁▁▁▁▁▁▁▁▁▁▁▁▁▁▁▁▁▁▁▁▁▁▁▁▁▁▁▁▁▁▁▁▁▁▁▁▁▁▁▁
wandb:         decay_factor ▁▃██████████████████████████████████████
wandb:             l2_error ▁█▇▆▆▅▅▄▄▃▃▃▃▂▂▂▂▂▂▂▂▁▁▁▁▁▁▁▁▁▁▁▁▁▁▁▁▁▁▁
wandb:                 loss ▁▁█▇▅▄▄▃▂▂▂▂▁▁▁▁▁▁▁▁▁▁▁▁▁▁▁▁▁▁▁▁▁▁▁▁▁▁▁▁
wandb:        loss_boundary ▁▁█▇▅▄▄▃▂▂▂▂▁▁▁▁▁▁▁▁▁▁▁▁▁▁▁▁▁▁▁▁▁▁▁▁▁▁▁▁
wandb:        loss_interior ▁█▁▁▁▁▁▁▁▁▁▁▁▁▁▁▁▁▁▁▁▁▁▁▁▁▁▁▁▁▁▁▁▁▁▁▁▁▁▁
wandb:       prime_sr_alpha ▁▁████▇████████████▇███▇█████▇██▇███████
wandb:  prime_sr_alpha_ceil ▁▁█▇██▇█████▇████▇█▇███▇█████▇██▇███████
wandb:  prime_sr_beta_tilde ▁▁█████████▇████████████████████████████
wandb:        prime_sr_rank ▅█▁▁▁▁▁▁▁▁▁▁▁▁▁▁▁▁▁▁▁▁▁▁▁▁▁▁▁▁▁▁▁▁▁▁▁▁▁▁
wandb:                 step ▁▁▁▁▁▁▁▁▁▁▁▁▁▁▁▁▁▁▁▁▁▁▁▁▁▂▂▂▂▂▂▃▃▃▄▄▅▆▇█
wandb:                 time ▁▁▁▁▁▁▁▁▁▁▁▁▁▁▁▁▁▁▁▁▁▁▁▁▁▂▂▂▂▂▂▃▃▃▄▄▅▆▇█
wandb: 
wandb: Run summary:
wandb: cholesky_escalations 0
wandb:         decay_factor 0.90356
wandb:             l2_error 1.1933
wandb:                 loss 126.41721
wandb:        loss_boundary 0.79056
wandb:        loss_interior 125.62665
wandb:       prime_sr_alpha 20.20932
wandb:  prime_sr_alpha_ceil 21
wandb:  prime_sr_beta_tilde 1.21285
wandb:        prime_sr_rank 49
wandb:                 step 1227
wandb:                 time 1400.14425
wandb: 
wandb: 🚀 View run primesr_p5_d4 at: https://wandb.ai/ren27-university-of-california-berkeley/pinn_e5_tune/runs/aci1g8kw
wandb: ️⚡ View job at https://wandb.ai/ren27-university-of-california-berkeley/pinn_e5_tune/jobs/QXJ0aWZhY3RDb2xsZWN0aW9uOjE0Nzc0NDI0MzY=/version_details/v0
wandb: Synced 6 W&B file(s), 0 media file(s), 2 artifact file(s) and 0 other file(s)
wandb: Find logs at: ./wandb/run-20260909_213141-aci1g8kw/logs
