wandb: Currently logged in as: ren27 (ren27-university-of-california-berkeley). Use `wandb login --relogin` to force relogin
wandb: wandb version 0.30.0 is available!  To upgrade, please run:
wandb:  $ pip install wandb --upgrade
wandb: Tracking run with wandb version 0.16.3
wandb: Run data is saved locally in /global/home/users/ren27/rla-pinns-use/rla_pinns/wandb/run-20260910_013040-5pbldjd1
wandb: Run `wandb offline` to turn off syncing.
wandb: Syncing run primesr_lfp9_d19
wandb: ⭐️ View project at https://wandb.ai/ren27-university-of-california-berkeley/pinn_e5_tune
wandb: 🚀 View run at https://wandb.ai/ren27-university-of-california-berkeley/pinn_e5_tune/runs/5pbldjd1
wandb: - 0.002 MB of 0.002 MB uploadedwandb: \ 0.002 MB of 0.015 MB uploadedwandb: | 0.007 MB of 0.017 MB uploadedwandb: / 0.017 MB of 0.017 MB uploadedwandb: 
wandb: Run history:
wandb: cholesky_escalations ▁▁▁▁▁▁▁▁▁▁▁▁▁▁▁▁▁▁▁▁▁▁▁▁▁▁▁▁▁▁▁▁▁▁▁▁▁▁▁▁
wandb:         decay_factor ▁███▇▇▇▇█▇███████████████████▇▇▇████████
wandb:             l2_error ███▇▇▇▆▆▅▅▅▄▄▄▄▄▃▃▃▃▃▃▃▂▂▂▂▂▂▂▂▂▂▁▁▁▁▁▁▁
wandb:                 loss ███▇▇▆▆▅▅▄▄▄▄▃▃▃▂▂▂▂▂▂▂▂▂▂▂▁▁▁▁▁▁▁▁▁▁▁▁▁
wandb:        loss_boundary ███▇▇▆▆▅▅▄▄▄▄▃▃▃▂▂▂▂▂▂▂▂▂▂▂▁▁▁▁▁▁▁▁▁▁▁▁▁
wandb:        loss_interior ███▇▇▆▆▅▅▄▄▄▃▃▃▃▂▂▂▂▂▂▂▂▂▁▁▁▁▁▁▁▁▁▁▁▁▁▁▁
wandb:       prime_sr_alpha ▃▄▅▃▂▁▁▁▂▂▃▄▄▅▆▆▇▇▇▇████████████▇▇▆▆▆▅▅▅
wandb:  prime_sr_alpha_ceil ▃▅▅▃▂▁▁▁▂▂▂▄▅▅▆▆▇▇▇▇▇███████████▇▇▇▆▆▅▅▅
wandb:  prime_sr_beta_tilde ▁███▆▆▆▆▆▆██████████████████████████████
wandb:        prime_sr_rank ▁▁▁▁▁▁▁▁▁▁▁▁▁▁▁▁▁▁▁▁▁▁▁▁▁▁▁▁▁▁▁▁▁▁▁▁▁▁▁▁
wandb:                 step ▁▁▁▁▁▁▁▁▂▂▂▂▂▂▂▂▂▂▂▂▂▂▃▃▃▃▃▃▃▃▃▃▄▄▅▅▆▇▇█
wandb:                 time ▁▁▁▁▁▁▁▁▂▂▂▂▂▂▂▂▂▂▂▂▂▂▃▃▃▃▃▃▃▃▃▃▄▄▅▅▆▇▇█
wandb: 
wandb: Run summary:
wandb: cholesky_escalations 0
wandb:         decay_factor 0.69865
wandb:             l2_error 0.10125
wandb:                 loss 0.05194
wandb:        loss_boundary 0.03264
wandb:        loss_interior 0.0193
wandb:       prime_sr_alpha 13.94468
wandb:  prime_sr_alpha_ceil 14
wandb:  prime_sr_beta_tilde 1.35565
wandb:        prime_sr_rank 4000
wandb:                 step 136
wandb:                 time 1204.27315
wandb: 
wandb: 🚀 View run primesr_lfp9_d19 at: https://wandb.ai/ren27-university-of-california-berkeley/pinn_e5_tune/runs/5pbldjd1
wandb: ️⚡ View job at https://wandb.ai/ren27-university-of-california-berkeley/pinn_e5_tune/jobs/QXJ0aWZhY3RDb2xsZWN0aW9uOjE0Nzc0NDI0MzY=/version_details/v12
wandb: Synced 6 W&B file(s), 0 media file(s), 0 artifact file(s) and 0 other file(s)
wandb: Find logs at: ./wandb/run-20260910_013040-5pbldjd1/logs
