wandb: Currently logged in as: ren27 (ren27-university-of-california-berkeley). Use `wandb login --relogin` to force relogin
wandb: wandb version 0.30.0 is available!  To upgrade, please run:
wandb:  $ pip install wandb --upgrade
wandb: Tracking run with wandb version 0.16.3
wandb: Run data is saved locally in /global/home/users/ren27/rla-pinns-use/rla_pinns/wandb/run-20260910_011032-t28yes4t
wandb: Run `wandb offline` to turn off syncing.
wandb: Syncing run primesr_lfp9_d16
wandb: ⭐️ View project at https://wandb.ai/ren27-university-of-california-berkeley/pinn_e5_tune
wandb: 🚀 View run at https://wandb.ai/ren27-university-of-california-berkeley/pinn_e5_tune/runs/t28yes4t
wandb: - 0.002 MB of 0.002 MB uploadedwandb: \ 0.002 MB of 0.018 MB uploadedwandb: | 0.018 MB of 0.018 MB uploadedwandb: 
wandb: Run history:
wandb: cholesky_escalations ▁▁▁▁▁▁▁▁▁▁▁▁▁▁▁▁▁▁▁▁▁▁▁▁▁▁▁▁▁▁▁▁▁▁▁▁▁▁▁▁
wandb:         decay_factor ▁███████████████████████████████████████
wandb:             l2_error █▇▇▆▆▅▅▄▄▄▃▃▃▃▃▂▂▂▂▂▂▂▂▂▂▂▂▂▁▁▁▁▁▁▁▁▁▁▁▁
wandb:                 loss ██▇▆▅▅▄▄▃▃▃▂▂▂▂▂▂▂▂▁▁▁▁▁▁▁▁▁▁▁▁▁▁▁▁▁▁▁▁▁
wandb:        loss_boundary ██▇▆▅▅▄▄▃▃▃▂▂▂▂▂▂▂▂▁▁▁▁▁▁▁▁▁▁▁▁▁▁▁▁▁▁▁▁▁
wandb:        loss_interior █▇▇▆▅▅▄▄▃▃▂▂▂▂▂▂▁▁▁▁▁▁▁▁▁▁▁▁▁▁▁▁▁▁▁▁▁▁▁▁
wandb:       prime_sr_alpha ▁▄▆▁▁▂▄▄▆▆▇▇▇███████████▇▇▇▇▇▇▇▆▅▅▄▄▃▃▃▃
wandb:  prime_sr_alpha_ceil ▁▅▆▁▁▂▃▅▆▆▇▇▇▇▇██▇█▇▇▇▇▇▇▇▇▇▇▇▇▆▆▅▅▃▃▃▃▂
wandb:  prime_sr_beta_tilde ▁███████████████████████████████████████
wandb:        prime_sr_rank ▁▁▁▁▁▁▁▁▁▁▁▁▁▁▁▁▁▁▁▁▁▁▁▁▁▁▁▁▁▁▁▁▁▁▁▁▁▁▁▁
wandb:                 step ▁▁▁▁▁▁▁▁▂▂▂▂▂▂▂▂▂▂▂▂▂▃▃▃▃▃▃▃▃▃▃▃▄▄▅▅▆▇▇█
wandb:                 time ▁▁▁▁▁▁▁▁▂▂▂▂▂▂▂▂▂▂▂▂▂▃▃▃▃▃▃▃▃▃▃▃▄▄▅▅▆▇▇█
wandb: 
wandb: Run summary:
wandb: cholesky_escalations 0
wandb:         decay_factor 0.70462
wandb:             l2_error 0.04283
wandb:                 loss 0.00404
wandb:        loss_boundary 0.00046
wandb:        loss_interior 0.00358
wandb:       prime_sr_alpha 12.83748
wandb:  prime_sr_alpha_ceil 13
wandb:  prime_sr_beta_tilde 1.35203
wandb:        prime_sr_rank 4000
wandb:                 step 133
wandb:                 time 1207.98453
wandb: 
wandb: 🚀 View run primesr_lfp9_d16 at: https://wandb.ai/ren27-university-of-california-berkeley/pinn_e5_tune/runs/t28yes4t
wandb: ️⚡ View job at https://wandb.ai/ren27-university-of-california-berkeley/pinn_e5_tune/jobs/QXJ0aWZhY3RDb2xsZWN0aW9uOjE0Nzc0NDI0MzY=/version_details/v12
wandb: Synced 6 W&B file(s), 0 media file(s), 0 artifact file(s) and 0 other file(s)
wandb: Find logs at: ./wandb/run-20260910_011032-t28yes4t/logs
