wandb: Currently logged in as: ren27 (ren27-university-of-california-berkeley). Use `wandb login --relogin` to force relogin
wandb: wandb version 0.30.0 is available!  To upgrade, please run:
wandb:  $ pip install wandb --upgrade
wandb: Tracking run with wandb version 0.16.3
wandb: Run data is saved locally in /global/home/users/ren27/rla-pinns-use/rla_pinns/wandb/run-20260909_215527-30fyggsy
wandb: Run `wandb offline` to turn off syncing.
wandb: Syncing run primesr_p5_d18
wandb: ⭐️ View project at https://wandb.ai/ren27-university-of-california-berkeley/pinn_e5_tune
wandb: 🚀 View run at https://wandb.ai/ren27-university-of-california-berkeley/pinn_e5_tune/runs/30fyggsy
wandb: 429 encountered (Filestream rate limit exceeded, retrying in 2.3 seconds.), retrying request
wandb: 429 encountered (Filestream rate limit exceeded, retrying in 4.3 seconds.), retrying request
wandb: 429 encountered (Filestream rate limit exceeded, retrying in 2.4 seconds.), retrying request
wandb: 429 encountered (Filestream rate limit exceeded, retrying in 4.3 seconds.), retrying request
wandb: 429 encountered (Filestream rate limit exceeded, retrying in 2.4 seconds.), retrying request
wandb: 429 encountered (Filestream rate limit exceeded, retrying in 4.9 seconds.), retrying request
Traceback (most recent call last):
  File "/global/home/users/ren27/rla-pinns-use/rla_pinns/train.py", line 884, in <module>
    main()
  File "/global/home/users/ren27/rla-pinns-use/rla_pinns/train.py", line 670, in main
    loss_interior, loss_boundary = optimizer.step(
  File "/global/home/users/ren27/.conda/envs/rla_pinns/lib/python3.9/site-packages/torch/optim/optimizer.py", line 385, in wrapper
    out = func(*args, **kwargs)
  File "/global/home/users/ren27/rla-pinns-use/rla_pinns/optim/prime_sr.py", line 206, in step
    s2, V = eigh(OOT_raw)
torch._C._LinAlgError: linalg.eigh: The algorithm failed to converge because the input matrix is ill-conditioned or has too many repeated eigenvalues (error code: 3477).
wandb: - 0.002 MB of 0.002 MB uploadedwandb: \ 0.002 MB of 0.021 MB uploadedwandb: | 0.002 MB of 0.021 MB uploadedwandb: / 0.021 MB of 0.021 MB uploadedwandb: 
wandb: Run history:
wandb: cholesky_escalations ▁▁▁▁▁▁▁▁▁▁▁▁▁▁▁▁▁▁▁▁▁▁▁▁▁▁▁▁▁▁▁▁▁▁▁▁▁▁▁▁
wandb:         decay_factor ▁█████▇▇▇█████▇▇▇▇▇▇▇▇▇▇▇▇▇▇▇▇▇▇▇▇▇▇▇▇▆▆
wandb:             l2_error ▁▁▁▁▁▁▁▁▁▁▁▁▁▁▁▁▁▁▁▁▁▁▁▁▁▁▁▁▁▁▁▁▁▁▁▁▅▇██
wandb:                 loss ▃▃▃▃▃▃▂▃▃▃▃▃▃▃▃▃▃▃▃▃▃▃▃▂▃▂▂▂▂▂▂▂▂▁▁▁▃▇██
wandb:        loss_boundary ▁▁▁▁▁▁▁▁▁▁▁▁▁▁▁▁▁▁▁▁▁▁▁▁▁▁▁▁▁▁▁▁▁▁▁▁▃█▇▇
wandb:        loss_interior ▃▃▃▃▃▃▂▃▃▃▃▃▃▃▃▃▃▃▃▃▃▃▃▃▃▃▂▂▂▂▂▂▂▁▁▁▃▆██
wandb:       prime_sr_alpha ▁▃▂▃▃▃▄▄▄▃▃▃▃▃▂▂▂▂▂▂▂▂▂▂▂▂▂▂▂▂▂▂▂▂▂▂▄▇██
wandb:  prime_sr_alpha_ceil ▁▁▁▁▁▅▅▅▅▁▁▁▁▁▁▁▁▁▁▁▁▁▁▁▁▁▁▁▁▁▁▁▁▁▁▁▅▅▅█
wandb:  prime_sr_beta_tilde ▁███████████▇▇▇▆▆▆▆▆▆▆▆▆▆▆▆▆▆▆▆▆▆▆▆▆▆▆▅▅
wandb:        prime_sr_rank ▁▄▅▆▇▇▇▇▇▆▆▆▅▅▅▅▄▄▄▄▄▄▄▄▃▃▃▃▃▃▃▂▂▂▂▂▅▇██
wandb:                 step ▁▁▁▁▁▁▁▁▁▁▁▁▁▁▁▁▁▁▁▁▁▁▁▁▂▂▂▂▂▂▂▃▃▃▄▄▅▆▇█
wandb:                 time ▁▁▁▁▁▁▁▁▁▁▁▁▁▁▁▁▁▁▁▁▁▁▁▁▂▂▂▂▂▂▂▃▃▃▄▄▅▆▇█
wandb: 
wandb: Run summary:
wandb: cholesky_escalations 0
wandb:         decay_factor 0.72185
wandb:             l2_error 4.46174
wandb:                 loss 188.55557
wandb:        loss_boundary 10.04554
wandb:        loss_interior 178.51002
wandb:       prime_sr_alpha 3.08562
wandb:  prime_sr_alpha_ceil 4
wandb:  prime_sr_beta_tilde 0.81582
wandb:        prime_sr_rank 1099
wandb:                 step 653
wandb:                 time 751.14667
wandb: 
wandb: 🚀 View run primesr_p5_d18 at: https://wandb.ai/ren27-university-of-california-berkeley/pinn_e5_tune/runs/30fyggsy
wandb: ️⚡ View job at https://wandb.ai/ren27-university-of-california-berkeley/pinn_e5_tune/jobs/QXJ0aWZhY3RDb2xsZWN0aW9uOjE0Nzc0NDI0MzY=/version_details/v3
wandb: Synced 6 W&B file(s), 0 media file(s), 0 artifact file(s) and 0 other file(s)
wandb: Find logs at: ./wandb/run-20260909_215527-30fyggsy/logs
