wandb: Currently logged in as: ren27 (ren27-university-of-california-berkeley). Use `wandb login --relogin` to force relogin
wandb: wandb version 0.27.0 is available!  To upgrade, please run:
wandb:  $ pip install wandb --upgrade
wandb: Tracking run with wandb version 0.16.3
wandb: Run data is saved locally in /global/home/users/ren27/rla-pinns-use/rla_pinns/wandb/run-20260528_183456-zz3thgcz
wandb: Run `wandb offline` to turn off syncing.
wandb: Syncing run ss_spring_N50
wandb: ⭐️ View project at https://wandb.ai/ren27-university-of-california-berkeley/rla-pinns-use-rla_pinns
wandb: 🚀 View run at https://wandb.ai/ren27-university-of-california-berkeley/rla-pinns-use-rla_pinns/runs/zz3thgcz
wandb: - 0.002 MB of 0.002 MB uploadedwandb: \ 0.002 MB of 0.002 MB uploadedwandb: | 0.002 MB of 0.002 MB uploadedwandb: / 0.002 MB of 0.002 MB uploadedwandb: - 0.009 MB of 0.077 MB uploaded (0.002 MB deduped)wandb: \ 0.078 MB of 0.078 MB uploaded (0.002 MB deduped)wandb: 
wandb: Run history:
wandb:  decay_factor ▁▁▁▁▁▁▁▁▁▁▁▁▁▁▁▁▁███████████████████████
wandb:      l2_error ██▇▆▅▅▄▄▄▄▄▄▄▄▄▄▄▃▃▂▂▂▁▁▁▁▁▁▁▁▁▁▁▁▁▁▁▁▁▁
wandb:          loss █▆▃▂▂▂▁▁▁▁▁▁▁▁▁▁▁▁▁▁▁▁▁▁▁▁▁▁▁▁▁▁▁▁▁▁▁▁▁▁
wandb: loss_boundary ▇█▄▅▄▃▂▃▂▃▂▂▃▂▂▂▂▂▁▁▁▁▁▁▁▁▁▁▁▁▁▁▁▁▁▁▁▁▁▁
wandb: loss_interior █▆▃▂▂▂▁▁▁▁▁▁▁▁▁▁▁▁▁▁▁▁▁▁▁▁▁▁▁▁▁▁▁▁▁▁▁▁▁▁
wandb:          step ▁▁▁▁▁▁▁▁▁▁▁▁▁▁▁▁▁▁▁▁▁▁▁▁▁▁▁▁▁▂▂▂▂▂▃▄▄▅▆█
wandb:          time ▁▁▁▁▁▁▁▁▁▁▁▁▁▁▁▁▁▁▁▁▁▁▁▁▁▁▁▁▁▂▂▂▂▂▃▄▄▅▆█
wandb: 
wandb: Run summary:
wandb:  decay_factor 0.99594
wandb:      l2_error 0.00365
wandb:          loss 1e-05
wandb: loss_boundary 1e-05
wandb: loss_interior 0.0
wandb:          step 17609
wandb:          time 7000.12173
wandb: 
wandb: 🚀 View run ss_spring_N50 at: https://wandb.ai/ren27-university-of-california-berkeley/rla-pinns-use-rla_pinns/runs/zz3thgcz
wandb: ️⚡ View job at https://wandb.ai/ren27-university-of-california-berkeley/rla-pinns-use-rla_pinns/jobs/QXJ0aWZhY3RDb2xsZWN0aW9uOjc1NjY0ODU2MQ==/version_details/v22
wandb: Synced 6 W&B file(s), 0 media file(s), 2 artifact file(s) and 0 other file(s)
wandb: Find logs at: ./wandb/run-20260528_183456-zz3thgcz/logs
